Component: ARM Compiler 5.06 update 4 (build 422) Tool: armlink [4d35d2]

==============================================================================

Section Cross References

    startup_stm32h730xx.o(STACK) refers (Special) to heapauxi.o(.text) for __use_two_region_memory
    startup_stm32h730xx.o(HEAP) refers (Special) to heapauxi.o(.text) for __use_two_region_memory
    startup_stm32h730xx.o(RESET) refers (Special) to heapauxi.o(.text) for __use_two_region_memory
    startup_stm32h730xx.o(RESET) refers to startup_stm32h730xx.o(STACK) for __initial_sp
    startup_stm32h730xx.o(RESET) refers to startup_stm32h730xx.o(.text) for Reset_Handler
    startup_stm32h730xx.o(RESET) refers to stm32h7xx_it.o(i.NMI_Handler) for NMI_Handler
    startup_stm32h730xx.o(RESET) refers to stm32h7xx_it.o(i.HardFault_Handler) for HardFault_Handler
    startup_stm32h730xx.o(RESET) refers to stm32h7xx_it.o(i.MemManage_Handler) for MemManage_Handler
    startup_stm32h730xx.o(RESET) refers to stm32h7xx_it.o(i.BusFault_Handler) for BusFault_Handler
    startup_stm32h730xx.o(RESET) refers to stm32h7xx_it.o(i.UsageFault_Handler) for UsageFault_Handler
    startup_stm32h730xx.o(RESET) refers to port.o(.emb_text) for SVC_Handler
    startup_stm32h730xx.o(RESET) refers to stm32h7xx_it.o(i.DebugMon_Handler) for DebugMon_Handler
    startup_stm32h730xx.o(RESET) refers to port.o(i.SysTick_Handler) for SysTick_Handler
    startup_stm32h730xx.o(RESET) refers to stm32h7xx_it.o(i.EXTI9_5_IRQHandler) for EXTI9_5_IRQHandler
    startup_stm32h730xx.o(RESET) refers to stm32h7xx_it.o(i.TIM1_UP_IRQHandler) for TIM1_UP_IRQHandler
    startup_stm32h730xx.o(RESET) refers to stm32h7xx_it.o(i.TIM2_IRQHandler) for TIM2_IRQHandler
    startup_stm32h730xx.o(RESET) refers to stm32h7xx_it.o(i.TIM3_IRQHandler) for TIM3_IRQHandler
    startup_stm32h730xx.o(RESET) refers to stm32h7xx_it.o(i.TIM4_IRQHandler) for TIM4_IRQHandler
    startup_stm32h730xx.o(RESET) refers to stm32h7xx_it.o(i.USART1_IRQHandler) for USART1_IRQHandler
    startup_stm32h730xx.o(RESET) refers to stm32h7xx_it.o(i.USART2_IRQHandler) for USART2_IRQHandler
    startup_stm32h730xx.o(RESET) refers to stm32h7xx_it.o(i.EXTI15_10_IRQHandler) for EXTI15_10_IRQHandler
    startup_stm32h730xx.o(RESET) refers to stm32h7xx_it.o(i.OTG_HS_EP1_OUT_IRQHandler) for OTG_HS_EP1_OUT_IRQHandler
    startup_stm32h730xx.o(RESET) refers to stm32h7xx_it.o(i.OTG_HS_EP1_IN_IRQHandler) for OTG_HS_EP1_IN_IRQHandler
    startup_stm32h730xx.o(RESET) refers to stm32h7xx_it.o(i.OTG_HS_IRQHandler) for OTG_HS_IRQHandler
    startup_stm32h730xx.o(RESET) refers to stm32h7xx_it.o(i.BDMA_Channel0_IRQHandler) for BDMA_Channel0_IRQHandler
    startup_stm32h730xx.o(.text) refers (Special) to heapauxi.o(.text) for __use_two_region_memory
    startup_stm32h730xx.o(.text) refers to system_stm32h7xx.o(i.SystemInit) for SystemInit
    startup_stm32h730xx.o(.text) refers to __main.o(!!!main) for __main
    startup_stm32h730xx.o(.text) refers to startup_stm32h730xx.o(HEAP) for Heap_Mem
    startup_stm32h730xx.o(.text) refers to startup_stm32h730xx.o(STACK) for Stack_Mem
    main.o(i.MPU_Config) refers to stm32h7xx_hal_cortex.o(i.HAL_MPU_Disable) for HAL_MPU_Disable
    main.o(i.MPU_Config) refers to stm32h7xx_hal_cortex.o(i.HAL_MPU_ConfigRegion) for HAL_MPU_ConfigRegion
    main.o(i.MPU_Config) refers to stm32h7xx_hal_cortex.o(i.HAL_MPU_Enable) for HAL_MPU_Enable
    main.o(i.SystemClock_Config) refers to rt_memclr_w.o(.text) for __aeabi_memclr4
    main.o(i.SystemClock_Config) refers to stm32h7xx_hal_pwr_ex.o(i.HAL_PWREx_ConfigSupply) for HAL_PWREx_ConfigSupply
    main.o(i.SystemClock_Config) refers to stm32h7xx_hal_rcc.o(i.HAL_RCC_OscConfig) for HAL_RCC_OscConfig
    main.o(i.SystemClock_Config) refers to main.o(i.Error_Handler) for Error_Handler
    main.o(i.SystemClock_Config) refers to stm32h7xx_hal_rcc.o(i.HAL_RCC_ClockConfig) for HAL_RCC_ClockConfig
    main.o(i.main) refers to main.o(i.MPU_Config) for MPU_Config
    main.o(i.main) refers to stm32h7xx_hal.o(i.HAL_Init) for HAL_Init
    main.o(i.main) refers to main.o(i.SystemClock_Config) for SystemClock_Config
    main.o(i.main) refers to gpio.o(i.MX_GPIO_Init) for MX_GPIO_Init
    main.o(i.main) refers to spi.o(i.MX_SPI6_Init) for MX_SPI6_Init
    main.o(i.main) refers to bdma.o(i.MX_BDMA_Init) for MX_BDMA_Init
    main.o(i.main) refers to usart.o(i.MX_USART2_UART_Init) for MX_USART2_UART_Init
    main.o(i.main) refers to tim.o(i.MX_TIM2_Init) for MX_TIM2_Init
    main.o(i.main) refers to tim.o(i.MX_TIM3_Init) for MX_TIM3_Init
    main.o(i.main) refers to tim.o(i.MX_TIM4_Init) for MX_TIM4_Init
    main.o(i.main) refers to usart.o(i.MX_USART1_UART_Init) for MX_USART1_UART_Init
    main.o(i.main) refers to usb_device.o(i.MX_USB_DEVICE_Init) for MX_USB_DEVICE_Init
    main.o(i.main) refers to gps.o(i.GPS_Init) for GPS_Init
    main.o(i.main) refers to bsp_lcd.o(i.Prepare_LCD) for Prepare_LCD
    main.o(i.main) refers to freertos.o(i.MX_FREERTOS_Init) for MX_FREERTOS_Init
[...]
    HAL_Init                                 0x08002e09   Thumb Code    80  stm32h7xx_hal.o(i.HAL_Init)
    HAL_InitTick                             0x08002e69   Thumb Code   128  stm32h7xx_hal_timebase_tim.o(i.HAL_InitTick)
    HAL_MPU_ConfigRegion                     0x08002efd   Thumb Code    88  stm32h7xx_hal_cortex.o(i.HAL_MPU_ConfigRegion)
    HAL_MPU_Disable                          0x08002f59   Thumb Code    38  stm32h7xx_hal_cortex.o(i.HAL_MPU_Disable)
    HAL_MPU_Enable                           0x08002f85   Thumb Code    58  stm32h7xx_hal_cortex.o(i.HAL_MPU_Enable)
    HAL_MspInit                              0x08002fc5   Thumb Code    42  stm32h7xx_hal_msp.o(i.HAL_MspInit)
    HAL_NVIC_EnableIRQ                       0x08002ff5   Thumb Code    40  stm32h7xx_hal_cortex.o(i.HAL_NVIC_EnableIRQ)
    HAL_NVIC_SetPriority                     0x0800301d   Thumb Code   122  stm32h7xx_hal_cortex.o(i.HAL_NVIC_SetPriority)
    HAL_NVIC_SetPriorityGrouping             0x08003099   Thumb Code    32  stm32h7xx_hal_cortex.o(i.HAL_NVIC_SetPriorityGrouping)
    HAL_PCDEx_ActivateLPM                    0x080030c1   Thumb Code    36  stm32h7xx_hal_pcd_ex.o(i.HAL_PCDEx_ActivateLPM)
    HAL_PCDEx_LPM_Callback                   0x080030e9   Thumb Code     2  stm32h7xx_hal_pcd_ex.o(i.HAL_PCDEx_LPM_Callback)
    HAL_PCDEx_SetRxFiFo                      0x080030eb   Thumb Code    10  stm32h7xx_hal_pcd_ex.o(i.HAL_PCDEx_SetRxFiFo)
    HAL_PCDEx_SetTxFiFo                      0x080030f5   Thumb Code    78  stm32h7xx_hal_pcd_ex.o(i.HAL_PCDEx_SetTxFiFo)
    HAL_PCD_ConnectCallback                  0x08003143   Thumb Code    14  usbd_conf.o(i.HAL_PCD_ConnectCallback)
    HAL_PCD_DataInStageCallback              0x08003151   Thumb Code    32  usbd_conf.o(i.HAL_PCD_DataInStageCallback)
    HAL_PCD_DataOutStageCallback             0x08003171   Thumb Code    32  usbd_conf.o(i.HAL_PCD_DataOutStageCallback)
    HAL_PCD_DisconnectCallback               0x08003191   Thumb Code    14  usbd_conf.o(i.HAL_PCD_DisconnectCallback)
    HAL_PCD_EP_Abort                         0x0800319f   Thumb Code    66  stm32h7xx_hal_pcd.o(i.HAL_PCD_EP_Abort)
    HAL_PCD_EP_Close                         0x080031e1   Thumb Code   106  stm32h7xx_hal_pcd.o(i.HAL_PCD_EP_Close)
    HAL_PCD_EP_ClrStall                      0x0800324b   Thumb Code   124  stm32h7xx_hal_pcd.o(i.HAL_PCD_EP_ClrStall)
    HAL_PCD_EP_Open                          0x080032c7   Thumb Code   140  stm32h7xx_hal_pcd.o(i.HAL_PCD_EP_Open)
    HAL_PCD_EP_Receive                       0x08003353   Thumb Code    88  stm32h7xx_hal_pcd.o(i.HAL_PCD_EP_Receive)
    HAL_PCD_EP_SetStall                      0x080033ab   Thumb Code   138  stm32h7xx_hal_pcd.o(i.HAL_PCD_EP_SetStall)
    HAL_PCD_EP_Transmit                      0x08003435   Thumb Code    90  stm32h7xx_hal_pcd.o(i.HAL_PCD_EP_Transmit)
    HAL_PCD_IRQHandler                       0x0800348f   Thumb Code  1806  stm32h7xx_hal_pcd.o(i.HAL_PCD_IRQHandler)
    HAL_PCD_ISOINIncompleteCallback          0x08003b9d   Thumb Code    18  usbd_conf.o(i.HAL_PCD_ISOINIncompleteCallback)
    HAL_PCD_ISOOUTIncompleteCallback         0x08003baf   Thumb Code    18  usbd_conf.o(i.HAL_PCD_ISOOUTIncompleteCallback)
    HAL_PCD_Init                             0x08003bc1   Thumb Code   370  stm32h7xx_hal_pcd.o(i.HAL_PCD_Init)
    HAL_PCD_MspInit                          0x08003d35   Thumb Code   164  usbd_conf.o(i.HAL_PCD_MspInit)
    HAL_PCD_ResetCallback                    0x08003de1   Thumb Code    48  usbd_conf.o(i.HAL_PCD_ResetCallback)
    HAL_PCD_ResumeCallback                   0x08003e11   Thumb Code    14  usbd_conf.o(i.HAL_PCD_ResumeCallback)
    HAL_PCD_SOFCallback                      0x08003e1f   Thumb Code    14  usbd_conf.o(i.HAL_PCD_SOFCallback)
    HAL_PCD_SetAddress                       0x08003e2d   Thumb Code    54  stm32h7xx_hal_pcd.o(i.HAL_PCD_SetAddress)
    HAL_PCD_SetupStageCallback               0x08003e63   Thumb Code    18  usbd_conf.o(i.HAL_PCD_SetupStageCallback)
    HAL_PCD_Start                            0x08003e75   Thumb Code    74  stm32h7xx_hal_pcd.o(i.HAL_PCD_Start)
    HAL_PCD_SuspendCallback                  0x08003ec1   Thumb Code    46  usbd_conf.o(i.HAL_PCD_SuspendCallback)
    HAL_PWREx_ConfigSupply                   0x08003ef5   Thumb Code    90  stm32h7xx_hal_pwr_ex.o(i.HAL_PWREx_ConfigSupply)
    HAL_PWREx_EnableUSBVoltageDetector       0x08003f55   Thumb Code    14  stm32h7xx_hal_pwr_ex.o(i.HAL_PWREx_EnableUSBVoltageDetector)
    HAL_RCCEx_GetD3PCLK1Freq                 0x08003f69   Thumb Code    26  stm32h7xx_hal_rcc_ex.o(i.HAL_RCCEx_GetD3PCLK1Freq)
    HAL_RCCEx_GetPLL2ClockFreq               0x08003f8d   Thumb Code   536  stm32h7xx_hal_rcc_ex.o(i.HAL_RCCEx_GetPLL2ClockFreq)
    HAL_RCCEx_GetPLL3ClockFreq               0x080041bd   Thumb Code   536  stm32h7xx_hal_rcc_ex.o(i.HAL_RCCEx_GetPLL3ClockFreq)
    HAL_RCCEx_PeriphCLKConfig                0x080043ed   Thumb Code  2768  stm32h7xx_hal_rcc_ex.o(i.HAL_RCCEx_PeriphCLKConfig)
    HAL_RCC_ClockConfig                      0x08004ec1   Thumb Code   774  stm32h7xx_hal_rcc.o(i.HAL_RCC_ClockConfig)
    HAL_RCC_GetClockConfig                   0x080051e1   Thumb Code    98  stm32h7xx_hal_rcc.o(i.HAL_RCC_GetClockConfig)
    HAL_RCC_GetHCLKFreq                      0x0800524d   Thumb Code    60  stm32h7xx_hal_rcc.o(i.HAL_RCC_GetHCLKFreq)
    HAL_RCC_GetPCLK1Freq                     0x08005299   Thumb Code    26  stm32h7xx_hal_rcc.o(i.HAL_RCC_GetPCLK1Freq)
    HAL_RCC_GetPCLK2Freq                     0x080052bd   Thumb Code    26  stm32h7xx_hal_rcc.o(i.HAL_RCC_GetPCLK2Freq)
    HAL_RCC_GetSysClockFreq                  0x080052e1   Thumb Code   524  stm32h7xx_hal_rcc.o(i.HAL_RCC_GetSysClockFreq)
    HAL_RCC_OscConfig                        0x0800550d   Thumb Code  1786  stm32h7xx_hal_rcc.o(i.HAL_RCC_OscConfig)
    HAL_SPI_Init                             0x08005c11   Thumb Code   372  stm32h7xx_hal_spi.o(i.HAL_SPI_Init)
    HAL_SPI_MspInit                          0x08005d91   Thumb Code   202  spi.o(i.HAL_SPI_MspInit)
    HAL_SPI_Transmit                         0x08005e71   Thumb Code   700  stm32h7xx_hal_spi.o(i.HAL_SPI_Transmit)
    HAL_TIMEx_Break2Callback                 0x0800612d   Thumb Code     2  stm32h7xx_hal_tim_ex.o(i.HAL_TIMEx_Break2Callback)
    HAL_TIMEx_BreakCallback                  0x0800612f   Thumb Code     2  stm32h7xx_hal_tim_ex.o(i.HAL_TIMEx_BreakCallback)
    HAL_TIMEx_CommutCallback                 0x08006131   Thumb Code     2  stm32h7xx_hal_tim_ex.o(i.HAL_TIMEx_CommutCallback)
    HAL_TIMEx_MasterConfigSynchronization    0x08006135   Thumb Code   190  stm32h7xx_hal_tim_ex.o(i.HAL_TIMEx_MasterConfigSynchronization)
    HAL_TIM_Base_Init                        0x08006219   Thumb Code   110  stm32h7xx_hal_tim.o(i.HAL_TIM_Base_Init)
    HAL_TIM_Base_MspInit                     0x08006289   Thumb Code   166  tim.o(i.HAL_TIM_Base_MspInit)
    HAL_TIM_Base_Start_IT                    0x0800633d   Thumb Code   162  stm32h7xx_hal_tim.o(i.HAL_TIM_Base_Start_IT)
    HAL_TIM_Base_Stop_IT                     0x08006409   Thumb Code    62  stm32h7xx_hal_tim.o(i.HAL_TIM_Base_Stop_IT)
    HAL_TIM_ConfigClockSource                0x08006449   Thumb Code   304  stm32h7xx_hal_tim.o(i.HAL_TIM_ConfigClockSource)
    HAL_TIM_IC_CaptureCallback               0x0800657d   Thumb Code     2  stm32h7xx_hal_tim.o(i.HAL_TIM_IC_CaptureCallback)
    HAL_TIM_IRQHandler                       0x0800657f   Thumb Code   440  stm32h7xx_hal_tim.o(i.HAL_TIM_IRQHandler)
    HAL_TIM_OC_DelayElapsedCallback          0x08006737   Thumb Code     2  stm32h7xx_hal_tim.o(i.HAL_TIM_OC_DelayElapsedCallback)
    HAL_TIM_PWM_PulseFinishedCallback        0x08006739   Thumb Code     2  stm32h7xx_hal_tim.o(i.HAL_TIM_PWM_PulseFinishedCallback)
    HAL_TIM_PeriodElapsedCallback            0x0800673d   Thumb Code   218  bsp_tim.o(i.HAL_TIM_PeriodElapsedCallback)
    HAL_TIM_TriggerCallback                  0x08006851   Thumb Code     2  stm32h7xx_hal_tim.o(i.HAL_TIM_TriggerCallback)
    HAL_UARTEx_DisableFifoMode               0x08006853   Thumb Code    78  stm32h7xx_hal_uart_ex.o(i.HAL_UARTEx_DisableFifoMode)
    HAL_UARTEx_RxEventCallback               0x080068a1   Thumb Code     2  stm32h7xx_hal_uart.o(i.HAL_UARTEx_RxEventCallback)
    HAL_UARTEx_RxFifoFullCallback            0x080068a3   Thumb Code     2  stm32h7xx_hal_uart_ex.o(i.HAL_UARTEx_RxFifoFullCallback)
    HAL_UARTEx_SetRxFifoThreshold            0x080068a5   Thumb Code    94  stm32h7xx_hal_uart_ex.o(i.HAL_UARTEx_SetRxFifoThreshold)
    HAL_UARTEx_SetTxFifoThreshold            0x08006903   Thumb Code    94  stm32h7xx_hal_uart_ex.o(i.HAL_UARTEx_SetTxFifoThreshold)
    HAL_UARTEx_TxFifoEmptyCallback           0x08006961   Thumb Code     2  stm32h7xx_hal_uart_ex.o(i.HAL_UARTEx_TxFifoEmptyCallback)
    HAL_UARTEx_WakeupCallback                0x08006963   Thumb Code     2  stm32h7xx_hal_uart_ex.o(i.HAL_UARTEx_WakeupCallback)
    HAL_UART_AbortReceiveCpltCallback        0x08006965   Thumb Code     2  stm32h7xx_hal_uart.o(i.HAL_UART_AbortReceiveCpltCallback)
    HAL_UART_AbortReceive_IT                 0x08006969   Thumb Code   240  stm32h7xx_hal_uart.o(i.HAL_UART_AbortReceive_IT)
    HAL_UART_ErrorCallback                   0x08006a61   Thumb Code     2  stm32h7xx_hal_uart.o(i.HAL_UART_ErrorCallback)
    HAL_UART_IRQHandler                      0x08006a65   Thumb Code  1112  stm32h7xx_hal_uart.o(i.HAL_UART_IRQHandler)
    HAL_UART_Init                            0x08006ebd   Thumb Code   120  stm32h7xx_hal_uart.o(i.HAL_UART_Init)
    HAL_UART_MspInit                         0x08006f35   Thumb Code   294  usart.o(i.HAL_UART_MspInit)
    HAL_UART_Receive_IT                      0x08007071   Thumb Code   110  stm32h7xx_hal_uart.o(i.HAL_UART_Receive_IT)
    HAL_UART_RxCpltCallback                  0x080070e5   Thumb Code   100  gps.o(i.HAL_UART_RxCpltCallback)
    HAL_UART_TxCpltCallback                  0x08007161   Thumb Code     2  stm32h7xx_hal_uart.o(i.HAL_UART_TxCpltCallback)
    HardFault_Handler                        0x08007163   Thumb Code     4  stm32h7xx_it.o(i.HardFault_Handler)
    LCD_Address_Set                          0x080071a5   Thumb Code    74  tftlcd.o(i.LCD_Address_Set)
    LCD_Clear                                0x080071ef   Thumb Code    20  tftlcd.o(i.LCD_Clear)
    LCD_Fill                                 0x08007205   Thumb Code   144  tftlcd.o(i.LCD_Fill)
    LCD_Init                                 0x0800729d   Thumb Code   440  tftlcd.o(i.LCD_Init)
    LCD_ShowChar                             0x08007469   Thumb Code   502  tftlcd.o(i.LCD_ShowChar)
    LCD_ShowString                           0x08007679   Thumb Code    98  tftlcd.o(i.LCD_ShowString)
    LCD_Write_HalfWord                       0x08007715   Thumb Code    40  tftlcd.o(i.LCD_Write_HalfWord)
    MX_BDMA_Init                             0x08007799   Thumb Code    48  bdma.o(i.MX_BDMA_Init)
    MX_FREERTOS_Init                         0x080077cd   Thumb Code    78  freertos.o(i.MX_FREERTOS_Init)
    MX_GPIO_Init                             0x0800782d   Thumb Code   454  gpio.o(i.MX_GPIO_Init)
    MX_SPI6_Init                             0x08007a09   Thumb Code    92  spi.o(i.MX_SPI6_Init)
    MX_TIM2_Init                             0x08007a6d   Thumb Code   110  tim.o(i.MX_TIM2_Init)
    MX_TIM3_Init                             0x08007ae1   Thumb Code   104  tim.o(i.MX_TIM3_Init)
    MX_TIM4_Init                             0x08007b51   Thumb Code   104  tim.o(i.MX_TIM4_Init)
    MX_USART1_UART_Init                      0x08007bc1   Thumb Code    98  usart.o(i.MX_USART1_UART_Init)
    MX_USART2_UART_Init                      0x08007c2d   Thumb Code    98  usart.o(i.MX_USART2_UART_Init)
    MX_USB_DEVICE_Init                       0x08007c99   Thumb Code    64  usb_device.o(i.MX_USB_DEVICE_Init)
    MemManage_Handler                        0x08007ce9   Thumb Code     4  stm32h7xx_it.o(i.MemManage_Handler)
    NMI_Handler                              0x08007ced   Thumb Code     4  stm32h7xx_it.o(i.NMI_Handler)
    OTG_HS_EP1_IN_IRQHandler                 0x08007cf1   Thumb Code    10  stm32h7xx_it.o(i.OTG_HS_EP1_IN_IRQHandler)
    OTG_HS_EP1_OUT_IRQHandler                0x08007d01   Thumb Code    10  stm32h7xx_it.o(i.OTG_HS_EP1_OUT_IRQHandler)
    OTG_HS_IRQHandler                        0x08007d11   Thumb Code    10  stm32h7xx_it.o(i.OTG_HS_IRQHandler)
    Prepare_LCD                              0x08007f81   Thumb Code    68  bsp_lcd.o(i.Prepare_LCD)
    SPI6_WriteData                           0x080082bd   Thumb Code    20  bsp_spi.o(i.SPI6_WriteData)
    Send_Camera_Shot_Time                    0x08008419   Thumb Code    68  task_camera_utc.o(i.Send_Camera_Shot_Time)
    SysTick_Handler                          0x08008471   Thumb Code    46  port.o(i.SysTick_Handler)
    SystemClock_Config                       0x080084a5   Thumb Code   190  main.o(i.SystemClock_Config)
    SystemInit                               0x0800856d   Thumb Code   192  system_stm32h7xx.o(i.SystemInit)
    TIM1_UP_IRQHandler                       0x0800864d   Thumb Code    10  stm32h7xx_it.o(i.TIM1_UP_IRQHandler)
    TIM2_IRQHandler                          0x0800865d   Thumb Code    10  stm32h7xx_it.o(i.TIM2_IRQHandler)
    TIM3_IRQHandler                          0x0800866d   Thumb Code    10  stm32h7xx_it.o(i.TIM3_IRQHandler)
    TIM4_IRQHandler                          0x0800867d   Thumb Code    10  stm32h7xx_it.o(i.TIM4_IRQHandler)
    TIM_Base_SetConfig                       0x0800868d   Thumb Code   182  stm32h7xx_hal_tim.o(i.TIM_Base_SetConfig)
    TIM_ETR_SetConfig                        0x0800876d   Thumb Code    22  stm32h7xx_hal_tim.o(i.TIM_ETR_SetConfig)
    Trigger_IMU_Lidar                        0x080087ed   Thumb Code    42  bsp_tim.o(i.Trigger_IMU_Lidar)
    Trigger_judgment                         0x0800882d   Thumb Code   180  bsp_tim.o(i.Trigger_judgment)
    UART_AdvFeatureConfig                    0x0800896d   Thumb Code   248  stm32h7xx_hal_uart.o(i.UART_AdvFeatureConfig)
    UART_CheckIdleState                      0x08008a65   Thumb Code   118  stm32h7xx_hal_uart.o(i.UART_CheckIdleState)
    UART_SetConfig                           0x080090f5   Thumb Code  1558  stm32h7xx_hal_uart.o(i.UART_SetConfig)
    UART_Start_Receive_IT                    0x0800971d   Thumb Code   352  stm32h7xx_hal_uart.o(i.UART_Start_Receive_IT)
    UART_WaitOnFlagUntilTimeout              0x0800988d   Thumb Code   254  stm32h7xx_hal_uart.o(i.UART_WaitOnFlagUntilTimeout)
    USART1_IRQHandler                        0x0800998d   Thumb Code    10  stm32h7xx_it.o(i.USART1_IRQHandler)
    USART2_IRQHandler                        0x0800999d   Thumb Code    10  stm32h7xx_it.o(i.USART2_IRQHandler)
    USBD_CUSTOM_HID_ReceivePacket            0x08009cd1   Thumb Code    52  usbd_customhid.o(i.USBD_CUSTOM_HID_ReceivePacket)
    USBD_CUSTOM_HID_RegisterInterface        0x08009d09   Thumb Code    24  usbd_customhid.o(i.USBD_CUSTOM_HID_RegisterInterface)
    USBD_CUSTOM_HID_SendReport               0x08009d21   Thumb Code    82  usbd_customhid.o(i.USBD_CUSTOM_HID_SendReport)
    USBD_CUSTOM_HID_SendReport_HS            0x08009d79   Thumb Code    20  usbd_custom_hid_if.o(i.USBD_CUSTOM_HID_SendReport_HS)
    USBD_ClrClassConfig                      0x08009f2d   Thumb Code    28  usbd_core.o(i.USBD_ClrClassConfig)
    USBD_CoreFindEP                          0x08009f87   Thumb Code     6  usbd_core.o(i.USBD_CoreFindEP)
    USBD_CoreFindIF                          0x08009f8d   Thumb Code     6  usbd_core.o(i.USBD_CoreFindIF)
    USBD_CtlContinueRx                       0x08009f93   Thumb Code    24  usbd_ioreq.o(i.USBD_CtlContinueRx)
    USBD_CtlContinueSendData                 0x08009fab   Thumb Code    24  usbd_ioreq.o(i.USBD_CtlContinueSendData)
    USBD_CtlError                            0x08009fc3   Thumb Code    24  usbd_ctlreq.o(i.USBD_CtlError)
    USBD_CtlPrepareRx                        0x08009fdb   Thumb Code    40  usbd_ioreq.o(i.USBD_CtlPrepareRx)
    USBD_CtlReceiveStatus                    0x0800a003   Thumb Code    26  usbd_ioreq.o(i.USBD_CtlReceiveStatus)
    USBD_CtlSendData                         0x0800a01d   Thumb Code    34  usbd_ioreq.o(i.USBD_CtlSendData)
    USBD_CtlSendStatus                       0x0800a03f   Thumb Code    26  usbd_ioreq.o(i.USBD_CtlSendStatus)
    USBD_GetEpDesc                           0x0800a2ab   Thumb Code    80  usbd_core.o(i.USBD_GetEpDesc)
    USBD_GetNextDesc                         0x0800a311   Thumb Code    20  usbd_core.o(i.USBD_GetNextDesc)
    USBD_GetString                           0x0800a37f   Thumb Code    84  usbd_ctlreq.o(i.USBD_GetString)
    USBD_Get_USB_Status                      0x0800a3d3   Thumb Code    44  usbd_conf.o(i.USBD_Get_USB_Status)
    USBD_HS_ConfigStrDescriptor              0x0800a401   Thumb Code    34  usbd_desc.o(i.USBD_HS_ConfigStrDescriptor)
    USBD_HS_DeviceDescriptor                 0x0800a43d   Thumb Code    10  usbd_desc.o(i.USBD_HS_DeviceDescriptor)
    USBD_HS_InterfaceStrDescriptor           0x0800a44d   Thumb Code    34  usbd_desc.o(i.USBD_HS_InterfaceStrDescriptor)
    USBD_HS_LangIDStrDescriptor              0x0800a48d   Thumb Code    10  usbd_desc.o(i.USBD_HS_LangIDStrDescriptor)
    USBD_HS_ManufacturerStrDescriptor        0x0800a49d   Thumb Code    20  usbd_desc.o(i.USBD_HS_ManufacturerStrDescriptor)
    USBD_HS_ProductStrDescriptor             0x0800a4c9   Thumb Code    34  usbd_desc.o(i.USBD_HS_ProductStrDescriptor)
    USBD_HS_SerialStrDescriptor              0x0800a511   Thumb Code    18  usbd_desc.o(i.USBD_HS_SerialStrDescriptor)
    USBD_Init                                0x0800a529   Thumb Code    58  usbd_core.o(i.USBD_Init)
    USBD_LL_ClearStallEP                     0x0800a563   Thumb Code    38  usbd_conf.o(i.USBD_LL_ClearStallEP)
    USBD_LL_CloseEP                          0x0800a589   Thumb Code    38  usbd_conf.o(i.USBD_LL_CloseEP)
    USBD_LL_DataInStage                      0x0800a5af   Thumb Code   264  usbd_core.o(i.USBD_LL_DataInStage)
    USBD_LL_DataOutStage                     0x0800a6b7   Thumb Code   258  usbd_core.o(i.USBD_LL_DataOutStage)
    USBD_LL_DevConnected                     0x0800a7b9   Thumb Code     6  usbd_core.o(i.USBD_LL_DevConnected)
    USBD_LL_DevDisconnected                  0x0800a7bf   Thumb Code    38  usbd_core.o(i.USBD_LL_DevDisconnected)
    USBD_LL_Init                             0x0800a7e5   Thumb Code   104  usbd_conf.o(i.USBD_LL_Init)
    USBD_LL_IsStallEP                        0x0800a855   Thumb Code    56  usbd_conf.o(i.USBD_LL_IsStallEP)
    USBD_LL_IsoINIncomplete                  0x0800a88d   Thumb Code    72  usbd_core.o(i.USBD_LL_IsoINIncomplete)
    USBD_LL_IsoOUTIncomplete                 0x0800a8d5   Thumb Code    72  usbd_core.o(i.USBD_LL_IsoOUTIncomplete)
    USBD_LL_OpenEP                           0x0800a91d   Thumb Code    48  usbd_conf.o(i.USBD_LL_OpenEP)
    USBD_LL_PrepareReceive                   0x0800a94d   Thumb Code    48  usbd_conf.o(i.USBD_LL_PrepareReceive)
    USBD_LL_Reset                            0x0800a97d   Thumb Code   108  usbd_core.o(i.USBD_LL_Reset)
    USBD_LL_Resume                           0x0800a9e9   Thumb Code    22  usbd_core.o(i.USBD_LL_Resume)
    USBD_LL_SOF                              0x0800a9ff   Thumb Code    40  usbd_core.o(i.USBD_LL_SOF)
    USBD_LL_SetSpeed                         0x0800aa27   Thumb Code     8  usbd_core.o(i.USBD_LL_SetSpeed)
    USBD_LL_SetUSBAddress                    0x0800aa2f   Thumb Code    38  usbd_conf.o(i.USBD_LL_SetUSBAddress)
    USBD_LL_SetupStage                       0x0800aa55   Thumb Code   118  usbd_core.o(i.USBD_LL_SetupStage)
    USBD_LL_StallEP                          0x0800aacb   Thumb Code    38  usbd_conf.o(i.USBD_LL_StallEP)
    USBD_LL_Start                            0x0800aaf1   Thumb Code    30  usbd_conf.o(i.USBD_LL_Start)
    USBD_LL_Suspend                          0x0800ab0f   Thumb Code    20  usbd_core.o(i.USBD_LL_Suspend)
    USBD_LL_Transmit                         0x0800ab23   Thumb Code    48  usbd_conf.o(i.USBD_LL_Transmit)
    USBD_ParseSetupRequest                   0x0800ab53   Thumb Code    54  usbd_ctlreq.o(i.USBD_ParseSetupRequest)
    USBD_RegisterClass                       0x0800ab89   Thumb Code    72  usbd_core.o(i.USBD_RegisterClass)
    USBD_RunTestMode                         0x0800abd1   Thumb Code     6  usbd_core.o(i.USBD_RunTestMode)
    USBD_SetClassConfig                      0x0800ac31   Thumb Code    32  usbd_core.o(i.USBD_SetClassConfig)
    USBD_Start                               0x0800ad8d   Thumb Code    12  usbd_core.o(i.USBD_Start)
    USBD_StdDevReq                           0x0800ad99   Thumb Code   174  usbd_ctlreq.o(i.USBD_StdDevReq)
    USBD_StdEPReq                            0x0800ae47   Thumb Code   640  usbd_ctlreq.o(i.USBD_StdEPReq)
    USBD_StdItfReq                           0x0800b0c7   Thumb Code   174  usbd_ctlreq.o(i.USBD_StdItfReq)
    USBD_static_free                         0x0800b175   Thumb Code     2  usbd_conf.o(i.USBD_static_free)
    USBD_static_malloc                       0x0800b179   Thumb Code     6  usbd_conf.o(i.USBD_static_malloc)
    USB_ActivateEndpoint                     0x0800b185   Thumb Code   202  stm32h7xx_ll_usb.o(i.USB_ActivateEndpoint)
    USB_ActivateSetup                        0x0800b255   Thumb Code    40  stm32h7xx_ll_usb.o(i.USB_ActivateSetup)
    USB_CoreInit                             0x0800b27d   Thumb Code   142  stm32h7xx_ll_usb.o(i.USB_CoreInit)
    USB_DeactivateEndpoint                   0x0800b36d   Thumb Code   318  stm32h7xx_ll_usb.o(i.USB_DeactivateEndpoint)
    USB_DevConnect                           0x0800b4b9   Thumb Code    36  stm32h7xx_ll_usb.o(i.USB_DevConnect)
    USB_DevDisconnect                        0x0800b4dd   Thumb Code    36  stm32h7xx_ll_usb.o(i.USB_DevDisconnect)
    USB_DevInit                              0x0800b501   Thumb Code   464  stm32h7xx_ll_usb.o(i.USB_DevInit)
    USB_DisableGlobalInt                     0x0800b6d9   Thumb Code    14  stm32h7xx_ll_usb.o(i.USB_DisableGlobalInt)
    USB_EP0StartXfer                         0x0800b6e9   Thumb Code   472  stm32h7xx_ll_usb.o(i.USB_EP0StartXfer)
    USB_EP0_OutStart                         0x0800b8c5   Thumb Code   106  stm32h7xx_ll_usb.o(i.USB_EP0_OutStart)
    USB_EPClearStall                         0x0800b935   Thumb Code   142  stm32h7xx_ll_usb.o(i.USB_EPClearStall)
    USB_EPSetStall                           0x0800b9c3   Thumb Code   154  stm32h7xx_ll_usb.o(i.USB_EPSetStall)
    USB_EPStartXfer                          0x0800ba5d   Thumb Code   836  stm32h7xx_ll_usb.o(i.USB_EPStartXfer)
    USB_EPStopXfer                           0x0800bda5   Thumb Code   236  stm32h7xx_ll_usb.o(i.USB_EPStopXfer)
    USB_EnableGlobalInt                      0x0800be91   Thumb Code    14  stm32h7xx_ll_usb.o(i.USB_EnableGlobalInt)
    USB_FlushRxFifo                          0x0800bea1   Thumb Code    80  stm32h7xx_ll_usb.o(i.USB_FlushRxFifo)
    USB_FlushTxFifo                          0x0800bef5   Thumb Code    84  stm32h7xx_ll_usb.o(i.USB_FlushTxFifo)
    USB_GetDevSpeed                          0x0800bf4d   Thumb Code    38  stm32h7xx_ll_usb.o(i.USB_GetDevSpeed)
    USB_GetMode                              0x0800bf73   Thumb Code    10  stm32h7xx_ll_usb.o(i.USB_GetMode)
    USB_ReadDevAllInEpInterrupt              0x0800bf7d   Thumb Code    20  stm32h7xx_ll_usb.o(i.USB_ReadDevAllInEpInterrupt)
    USB_ReadDevAllOutEpInterrupt             0x0800bf91   Thumb Code    20  stm32h7xx_ll_usb.o(i.USB_ReadDevAllOutEpInterrupt)
    USB_ReadDevInEPInterrupt                 0x0800bfa5   Thumb Code    50  stm32h7xx_ll_usb.o(i.USB_ReadDevInEPInterrupt)
    USB_ReadDevOutEPInterrupt                0x0800bfd7   Thumb Code    26  stm32h7xx_ll_usb.o(i.USB_ReadDevOutEPInterrupt)
    USB_ReadInterrupts                       0x0800bff1   Thumb Code    10  stm32h7xx_ll_usb.o(i.USB_ReadInterrupts)
    USB_ReadPacket                           0x0800bffb   Thumb Code    96  stm32h7xx_ll_usb.o(i.USB_ReadPacket)
    USB_SetCurrentMode                       0x0800c05b   Thumb Code   104  stm32h7xx_ll_usb.o(i.USB_SetCurrentMode)
    USB_SetDevAddress                        0x0800c0c3   Thumb Code    42  stm32h7xx_ll_usb.o(i.USB_SetDevAddress)
    USB_SetDevSpeed                          0x0800c0ed   Thumb Code    18  stm32h7xx_ll_usb.o(i.USB_SetDevSpeed)
    USB_SetTurnaroundTime                    0x0800c101   Thumb Code   192  stm32h7xx_ll_usb.o(i.USB_SetTurnaroundTime)
    USB_WritePacket                          0x0800c1e9   Thumb Code    68  stm32h7xx_ll_usb.o(i.USB_WritePacket)
    UsageFault_Handler                       0x0800c22d   Thumb Code     4  stm32h7xx_it.o(i.UsageFault_Handler)
    _is_digit                                0x0800c269   Thumb Code    14  __printf_wp.o(i._is_digit)
    camera_cali_task                         0x0800c279   Thumb Code   116  task_camera_cali.o(i.camera_cali_task)
    camera_utc_task                          0x0800c309   Thumb Code    80  task_camera_utc.o(i.camera_utc_task)
    delay_init                               0x0800c39d   Thumb Code    32  bsp_delay.o(i.delay_init)
    delay_ms                                 0x0800c3cd   Thumb Code    76  bsp_delay.o(i.delay_ms)
    get_gps_data                             0x0800c41d   Thumb Code     4  gps.o(i.get_gps_data)
    init_camera_utc_data                     0x0800c425   Thumb Code    20  task_camera_utc.o(i.init_camera_utc_data)
    main                                     0x0800c441   Thumb Code   358  main.o(i.main)
    osDelay                                  0x0800c5bf   Thumb Code    24  cmsis_os.o(i.osDelay)
    osKernelStart                            0x0800c5d7   Thumb Code    10  cmsis_os.o(i.osKernelStart)
    osThreadCreate                           0x0800c5e1   Thumb Code    94  cmsis_os.o(i.osThreadCreate)
    pvPortMalloc                             0x0800cadd   Thumb Code   306  heap_4.o(i.pvPortMalloc)
    pxPortInitialiseStack                    0x0800cc29   Thumb Code    38  port.o(i.pxPortInitialiseStack)
    trigger_camera                           0x0800cc55   Thumb Code    50  task_camera_cali.o(i.trigger_camera)
    trigger_message_task                     0x0800cc95   Thumb Code    66  task_trigger_message.o(i.trigger_message_task)
    uxListRemove                             0x0800cce9   Thumb Code    40  list.o(i.uxListRemove)
    vApplicationGetIdleTaskMemory            0x0800cd11   Thumb Code    14  freertos.o(i.vApplicationGetIdleTaskMemory)
    vListInitialise                          0x0800cd29   Thumb Code    26  list.o(i.vListInitialise)
    vListInitialiseItem                      0x0800cd43   Thumb Code     6  list.o(i.vListInitialiseItem)
    vListInsert                              0x0800cd49   Thumb Code    52  list.o(i.vListInsert)
    vListInsertEnd                           0x0800cd7d   Thumb Code    24  list.o(i.vListInsertEnd)
    vPortEnterCritical                       0x0800cd95   Thumb Code    76  port.o(i.vPortEnterCritical)
    vPortExitCritical                        0x0800cde9   Thumb Code    56  port.o(i.vPortExitCritical)
    vPortFree                                0x0800ce25   Thumb Code   150  heap_4.o(i.vPortFree)
    vPortSetupTimerInterrupt                 0x0800cec9   Thumb Code    36  port.o(i.vPortSetupTimerInterrupt)
    vTaskDelay                               0x0800cef1   Thumb Code    82  tasks.o(i.vTaskDelay)
    vTaskStartScheduler                      0x0800cf4d   Thumb Code   146  tasks.o(i.vTaskStartScheduler)
    vTaskSuspendAll                          0x0800cffd   Thumb Code    12  tasks.o(i.vTaskSuspendAll)
    vTaskSwitchContext                       0x0800d00d   Thumb Code   118  tasks.o(i.vTaskSwitchContext)
    xPortStartScheduler                      0x0800d099   Thumb Code   330  port.o(i.xPortStartScheduler)
    xTaskCreate                              0x0800d201   Thumb Code   100  tasks.o(i.xTaskCreate)
    xTaskCreateStatic                        0x0800d265   Thumb Code   186  tasks.o(i.xTaskCreateStatic)
    xTaskIncrementTick                       0x0800d321   Thumb Code   282  tasks.o(i.xTaskIncrementTick)
    xTaskResumeAll                           0x0800d469   Thumb Code   224  tasks.o(i.xTaskResumeAll)
    _get_lc_ctype                            0x0800d56d   Thumb Code    44  lc_ctype_c.o(locale$$code)
    __aeabi_ul2d                             0x0800d599   Thumb Code     0  dfltll_clz.o(x$fpl$dfltull)
    _ll_uto_d                                0x0800d599   Thumb Code   138  dfltll_clz.o(x$fpl$dfltull)
    _fp_init                                 0x0800d623   Thumb Code    10  fpinit.o(x$fpl$fpinit)
    __fplib_config_fpu_vfp                   0x0800d62b   Thumb Code     0  fpinit.o(x$fpl$fpinit)
    __fplib_config_pureend_doubles           0x0800d62b   Thumb Code     0  fpinit.o(x$fpl$fpinit)
    __I$use$fp                               0x0800d62c   Number         0  usenofp.o(x$fpl$usenofp)
    UARTPrescTable                           0x0800d688   Data          24  stm32h7xx_hal_uart.o(.constdata)
    D1CorePrescTable                         0x0800d6b0   Data          16  system_stm32h7xx.o(.constdata)
    asc2_1206                                0x0800d6c0   Data        1140  tftlcd.o(.constdata)
    asc2_1608                                0x0800db34   Data        1520  tftlcd.o(.constdata)
    asc2_2412                                0x0800e124   Data        4560  tftlcd.o(.constdata)
    asc2_3216                                0x0800f2f4   Data       12160  tftlcd.o(.constdata)
    Region$$Table$$Base                      0x080122e8   Number         0  anon$$obj.o(Region$$Table)
    Region$$Table$$Limit                     0x08012308   Number         0  anon$$obj.o(Region$$Table)
    __ctype                                  0x08012315   Data           0  lc_ctype_c.o(locale$$data)
    task_tm_handle                           0x24000000   Data           4  freertos.o(.data)
    task_camera_utc_handle                   0x24000004   Data           4  freertos.o(.data)
    task_camera_cali                         0x24000008   Data           4  freertos.o(.data)
    HS_Desc                                  0x2400000c   Data          28  usbd_desc.o(.data)
    USBD_HS_DeviceDesc                       0x24000028   Data          18  usbd_desc.o(.data)
    USBD_LangIDDesc                          0x2400003c   Data           4  usbd_desc.o(.data)
    USBD_StringSerial                        0x24000040   Data          26  usbd_desc.o(.data)
    usb_rx_cmd                               0x2400005c   Data           4  usbd_custom_hid_if.o(.data)
    USBD_CustomHID_fops_HS                   0x24000084   Data          16  usbd_custom_hid_if.o(.data)
    uwTick                                   0x24000094   Data           4  stm32h7xx_hal.o(.data)
    uwTickPrio                               0x24000098   Data           4  stm32h7xx_hal.o(.data)
    uwTickFreq                               0x2400009c   Data           1  stm32h7xx_hal.o(.data)
    SystemCoreClock                          0x240000a0   Data           4  system_stm32h7xx.o(.data)
    SystemD2Clock                            0x240000a4   Data           4  system_stm32h7xx.o(.data)
    USBD_CUSTOM_HID                          0x240000ac   Data          56  usbd_customhid.o(.data)
    Since_PPS_Received_Time                  0x24000130   Data           8  bsp_tim.o(.data)
    Since_First_PPS_Received_Time            0x24000138   Data           8  bsp_tim.o(.data)
    Since_UTC                                0x24000140   Data           8  bsp_tim.o(.data)
    Lidar_IMU_Triggered_Time                 0x24000148   Data           8  bsp_tim.o(.data)
    Lidar_IMU_Reset_Time                     0x24000150   Data           8  bsp_tim.o(.data)
    Camera_Trigger_Time                      0x24000158   Data           8  bsp_tim.o(.data)
    Prepare_send_data                        0x24000160   Data           1  bsp_tim.o(.data)
    Camera_Timer_Request                     0x24000161   Data           1  bsp_tim.o(.data)
    Set_Occupation                           0x24000164   Data           4  bsp_tim.o(.data)
    Message_interval                         0x24000168   Data           4  bsp_tim.o(.data)
    Camera_Period                            0x2400016c   Data           4  bsp_tim.o(.data)
    PPS_Output_Flag                          0x24000170   Data           1  bsp_gpio.o(.data)
    flag_camera_trigger                      0x24000171   Data           1  bsp_gpio.o(.data)
    exit_flag                                0x24000172   Data           1  bsp_gpio.o(.data)
    rising_flag                              0x24000173   Data           1  bsp_gpio.o(.data)
    first_run                                0x24000174   Data           1  bsp_gpio.o(.data)
    enable_auto_send                         0x24000175   Data           1  bsp_gpio.o(.data)
    POINT_COLOR                              0x24000176   Data           2  tftlcd.o(.data)
    BACK_COLOR                               0x24000178   Data           2  tftlcd.o(.data)
    rx_data                                  0x24000180   Data           1  gps.o(.data)
    rx_index                                 0x24000181   Data           1  gps.o(.data)
    time_refresh_flag                        0x24000182   Data           1  gps.o(.data)
    utc                                      0x24000183   Data           7  gps.o(.data)
    date                                     0x2400018a   Data           7  gps.o(.data)
    message_arrrive_time                     0x24000198   Data           8  gps.o(.data)
    checksum                                 0x240001a0   Data           2  gps.o(.data)
    transmitted_checksum                     0x240001a2   Data           2  gps.o(.data)
    checkcalcstr                             0x240001a4   Data           3  gps.o(.data)
    pxCurrentTCB                             0x240001a8   Data           4  tasks.o(.data)
    mt_local_gps                             0x24000210   Data           4  task_trigger_message.o(.data)
    flag_task_trigger_message                0x24000214   Data           1  task_trigger_message.o(.data)
    taks_tm_loop                             0x24000218   Data           4  task_trigger_message.o(.data)
    local_gps_data                           0x2400021c   Data           4  task_camera_utc.o(.data)
    flag_camera_utc                          0x24000220   Data           1  task_camera_utc.o(.data)
    task_camera_utc_loop                     0x24000224   Data           4  task_camera_utc.o(.data)
    not_print                                0x24000228   Data           1  task_camera_utc.o(.data)
    task_flag                                0x2400022c   Data           4  task_camera_cali.o(.data)
    hspi6                                    0x24000484   Data         136  spi.o(.bss)
    hdma_spi6_tx                             0x2400050c   Data         120  spi.o(.bss)
    htim2                                    0x24000584   Data          76  tim.o(.bss)
    htim3                                    0x240005d0   Data          76  tim.o(.bss)
    htim4                                    0x2400061c   Data          76  tim.o(.bss)
    huart1                                   0x24000668   Data         144  usart.o(.bss)
    huart2                                   0x240006f8   Data         144  usart.o(.bss)
    htim1                                    0x24000788   Data          76  stm32h7xx_hal_timebase_tim.o(.bss)
    hUsbDeviceHS                             0x240007d4   Data         732  usb_device.o(.bss)
    USBD_StrDesc                             0x24000ab0   Data         512  usbd_desc.o(.bss)
    hpcd_USB_OTG_HS                          0x24000cb0   Data        1292  usbd_conf.o(.bss)
    rx_buffer                                0x24001658   Data         128  gps.o(.bss)
    comma_index                              0x240016d8   Data          12  gps.o(.bss)
    GPS                                      0x240016e8   Data          72  gps.o(.bss)
    Lidar_GPRMC                              0x24005420   Data         128  task_trigger_message.o(.bss)
    utc_real_data                            0x240054a0   Data          24  task_camera_utc.o(.bss)
    __libspace_start                         0x240054b8   Data          96  libspace.o(.bss)
    __temporary_stack_top$libspace           0x24005518   Data           0  libspace.o(.bss)



==============================================================================

Memory Map of the image

  Image Entry point : 0x080002cd

  Load Region LR_IROM1 (Base: 0x08000000, Size: 0x00012648, Max: 0x00020000, ABSOLUTE, COMPRESSED[0x000124ec])

    Execution Region ER_IROM1 (Base: 0x08000000, Size: 0x00012418, Max: 0x00020000, ABSOLUTE)

    Base Addr    Size         Type   Attr      Idx    E Section Name        Object

    0x08000000   0x000002cc   Data   RO            3    RESET               startup_stm32h730xx.o
    0x080002cc   0x00000008   Code   RO         8682  * !!!main             c_w.l(__main.o)
    0x080002d4   0x00000034   Code   RO         8890    !!!scatter          c_w.l(__scatter.o)
    0x08000308   0x0000005a   Code   RO         8888    !!dczerorl2         c_w.l(__dczerorl2.o)
    0x08000362   0x00000002   PAD
    0x08000364   0x0000001c   Code   RO         8892    !!handler_zi        c_w.l(__scatter_zi.o)
    0x08000380   0x00000000   Code   RO         8663    .ARM.Collect$$_printf_percent$$00000000  c_w.l(_printf_percent.o)
    0x08000380   0x00000006   Code   RO         8662    .ARM.Collect$$_printf_percent$$0000000C  c_w.l(_printf_x.o)
    0x08000386   0x00000004   Code   RO         8704    .ARM.Collect$$_printf_percent$$00000017  c_w.l(_printf_percent_end.o)
    0x0800038a   0x00000002   Code   RO         8759    .ARM.Collect$$libinit$$00000000  c_w.l(libinit.o)
    0x0800038c   0x00000004   Code   RO         8770    .ARM.Collect$$libinit$$00000001  c_w.l(libinit2.o)
    0x08000390   0x00000000   Code   RO         8773    .ARM.Collect$$libinit$$00000004  c_w.l(libinit2.o)
    0x08000390   0x00000000   Code   RO         8776    .ARM.Collect$$libinit$$0000000A  c_w.l(libinit2.o)
    0x08000390   0x00000000   Code   RO         8778    .ARM.Collect$$libinit$$0000000C  c_w.l(libinit2.o)
    0x08000390   0x00000000   Code   RO         8780    .ARM.Collect$$libinit$$0000000E  c_w.l(libinit2.o)
    0x08000390   0x00000006   Code   RO         8781    .ARM.Collect$$libinit$$0000000F  c_w.l(libinit2.o)
    0x08000396   0x00000000   Code   RO         8783    .ARM.Collect$$libinit$$00000011  c_w.l(libinit2.o)
    0x08000396   0x0000000c   Code   RO         8784    .ARM.Collect$$libinit$$00000012  c_w.l(libinit2.o)
    0x080003a2   0x00000000   Code   RO         8785    .ARM.Collect$$libinit$$00000013  c_w.l(libinit2.o)
    0x080003a2   0x00000000   Code   RO         8787    .ARM.Collect$$libinit$$00000015  c_w.l(libinit2.o)
    0x080003a2   0x00000000   Code   RO         8789    .ARM.Collect$$libinit$$00000017  c_w.l(libinit2.o)
    0x080003a2   0x00000000   Code   RO         8791    .ARM.Collect$$libinit$$00000019  c_w.l(libinit2.o)
    0x080003a2   0x00000000   Code   RO         8793    .ARM.Collect$$libinit$$0000001B  c_w.l(libinit2.o)
    0x080003a2   0x00000000   Code   RO         8795    .ARM.Collect$$libinit$$0000001D  c_w.l(libinit2.o)
    0x080003a2   0x00000000   Code   RO         8797    .ARM.Collect$$libinit$$0000001F  c_w.l(libinit2.o)
    0x080003a2   0x00000000   Code   RO         8799    .ARM.Collect$$libinit$$00000021  c_w.l(libinit2.o)
    0x080003a2   0x00000000   Code   RO         8801    .ARM.Collect$$libinit$$00000023  c_w.l(libinit2.o)
    0x080003a2   0x00000000   Code   RO         8803    .ARM.Collect$$libinit$$00000025  c_w.l(libinit2.o)
    0x080003a2   0x00000000   Code   RO         8807    .ARM.Collect$$libinit$$0000002C  c_w.l(libinit2.o)
    0x080003a2   0x00000000   Code   RO         8809    .ARM.Collect$$libinit$$0000002E  c_w.l(libinit2.o)
    0x080003a2   0x00000000   Code   RO         8811    .ARM.Collect$$libinit$$00000030  c_w.l(libinit2.o)
    0x080003a2   0x00000000   Code   RO         8813    .ARM.Collect$$libinit$$00000032  c_w.l(libinit2.o)
    0x080003a2   0x00000002   Code   RO         8814    .ARM.Collect$$libinit$$00000033  c_w.l(libinit2.o)
    0x080003a4   0x00000002   Code   RO         8845    .ARM.Collect$$libshutdown$$00000000  c_w.l(libshutdown.o)
    0x080003a6   0x00000000   Code   RO         8871    .ARM.Collect$$libshutdown$$00000002  c_w.l(libshutdown2.o)
    0x080003a6   0x00000000   Code   RO         8873    .ARM.Collect$$libshutdown$$00000004  c_w.l(libshutdown2.o)
    0x080003a6   0x00000000   Code   RO         8876    .ARM.Collect$$libshutdown$$00000007  c_w.l(libshutdown2.o)
    0x080003a6   0x00000000   Code   RO         8879    .ARM.Collect$$libshutdown$$0000000A  c_w.l(libshutdown2.o)
    0x080003a6   0x00000000   Code   RO         8881    .ARM.Collect$$libshutdown$$0000000C  c_w.l(libshutdown2.o)
    0x080003a6   0x00000000   Code   RO         8884    .ARM.Collect$$libshutdown$$0000000F  c_w.l(libshutdown2.o)
    0x080003a6   0x00000002   Code   RO         8885    .ARM.Collect$$libshutdown$$00000010  c_w.l(libshutdown2.o)
    0x080003a8   0x00000000   Code   RO         8688    .ARM.Collect$$rtentry$$00000000  c_w.l(__rtentry.o)
    0x080003a8   0x00000000   Code   RO         8714    .ARM.Collect$$rtentry$$00000002  c_w.l(__rtentry2.o)
    0x080003a8   0x00000006   Code   RO         8726    .ARM.Collect$$rtentry$$00000004  c_w.l(__rtentry4.o)
    0x080003ae   0x00000000   Code   RO         8716    .ARM.Collect$$rtentry$$00000009  c_w.l(__rtentry2.o)
    0x080003ae   0x00000004   Code   RO         8717    .ARM.Collect$$rtentry$$0000000A  c_w.l(__rtentry2.o)
    0x080003b2   0x00000000   Code   RO         8719    .ARM.Collect$$rtentry$$0000000C  c_w.l(__rtentry2.o)
    0x080003b2   0x00000008   Code   RO         8720    .ARM.Collect$$rtentry$$0000000D  c_w.l(__rtentry2.o)
    0x080003ba   0x00000002   Code   RO         8760    .ARM.Collect$$rtexit$$00000000  c_w.l(rtexit.o)
    0x080003bc   0x00000000   Code   RO         8818    .ARM.Collect$$rtexit$$00000002  c_w.l(rtexit2.o)
    0x080003bc   0x00000004   Code   RO         8819    .ARM.Collect$$rtexit$$00000003  c_w.l(rtexit2.o)
    0x080003c0   0x00000006   Code   RO         8820    .ARM.Collect$$rtexit$$00000004  c_w.l(rtexit2.o)
    0x080003c6   0x00000002   PAD
    0x080003c8   0x000000be   Code   RO         8407    .emb_text           port.o
    0x08000486   0x00000002   PAD
    0x08000488   0x00000040   Code   RO            4    .text               startup_stm32h730xx.o
    0x080004c8   0x000000ee   Code   RO         8611    .text               c_w.l(lludivv7m.o)
    0x080005b6   0x00000002   PAD
    0x080005b8   0x00000028   Code   RO         8615    .text               c_w.l(noretval__2sprintf.o)
    0x080005e0   0x0000004e   Code   RO         8619    .text               c_w.l(_printf_pad.o)
    0x0800062e   0x00000002   PAD
    0x08000630   0x00000058   Code   RO         8624    .text               c_w.l(_printf_hex_int.o)
    0x08000688   0x00000138   Code   RO         8654    .text               c_w.l(__printf_flags_wp.o)
    0x080007c0   0x0000001a   Code   RO         8664    .text               c_w.l(atoi.o)
    0x080007da   0x00000096   Code   RO         8668    .text               c_w.l(strncmp.o)
    0x08000870   0x00000064   Code   RO         8672    .text               c_w.l(rt_memcpy_w.o)
    0x080008d4   0x00000010   Code   RO         8676    .text               c_w.l(aeabi_memset.o)
    0x080008e4   0x0000004e   Code   RO         8678    .text               c_w.l(rt_memclr_w.o)
    0x08000932   0x00000006   Code   RO         8680    .text               c_w.l(heapauxi.o)
    0x08000938   0x00000008   Code   RO         8696    .text               c_w.l(rt_errno_addr_intlibspace.o)
    0x08000940   0x000000b2   Code   RO         8698    .text               c_w.l(_printf_intcommon.o)
    0x080009f2   0x00000002   PAD
    0x080009f4   0x00000030   Code   RO         8700    .text               c_w.l(_printf_char_common.o)
    0x08000a24   0x0000000a   Code   RO         8702    .text               c_w.l(_sputc.o)
    0x08000a2e   0x00000070   Code   RO         8705    .text               c_w.l(strtol.o)
    0x08000a9e   0x00000044   Code   RO         8707    .text               c_w.l(rt_memclr.o)
    0x08000ae2   0x00000002   PAD
    0x08000ae4   0x00000008   Code   RO         8710    .text               c_w.l(libspace.o)
    0x08000aec   0x00000010   Code   RO         8728    .text               c_w.l(rt_ctype_table.o)
    0x08000afc   0x0000009e   Code   RO         8734    .text               c_w.l(_strtoul.o)
    0x08000b9a   0x0000004a   Code   RO         8736    .text               c_w.l(sys_stackheap_outer.o)
    0x08000be4   0x00000008   Code   RO         8741    .text               c_w.l(rt_locale_intlibspace.o)
    0x08000bec   0x0000001c   Code   RO         8743    .text               c_w.l(_chval.o)
    0x08000c08   0x00000012   Code   RO         8748    .text               c_w.l(exit.o)
    0x08000c1a   0x00000002   PAD
    0x08000c1c   0x00000068   Code   RO         8768    .text               c_w.l(strcmpv7m_pel.o)
    0x08000c84   0x0000000c   Code   RO         8815    .text               c_w.l(sys_exit.o)
    0x08000c90   0x00000002   Code   RO         8834    .text               c_w.l(use_no_semi.o)
    0x08000c92   0x00000000   Code   RO         8836    .text               c_w.l(indicate_semi.o)
    0x08000c92   0x00000002   PAD
    0x08000c94   0x00000010   Code   RO          548    i.BDMA_Channel0_IRQHandler  stm32h7xx_it.o
    0x08000ca4   0x00000004   Code   RO          549    i.BusFault_Handler  stm32h7xx_it.o
    0x08000ca8   0x00000004   Code   RO          882    i.CUSTOM_HID_DeInit_HS  usbd_custom_hid_if.o
    0x08000cac   0x00000004   Code   RO          883    i.CUSTOM_HID_Init_HS  usbd_custom_hid_if.o
    0x08000cb0   0x0000006c   Code   RO          884    i.CUSTOM_HID_OutEvent_HS  usbd_custom_hid_if.o
    0x08000d1c   0x000000ec   Code   RO         2479    i.DMA_CalcBaseAndBitshift  stm32h7xx_hal_dma.o
    0x08000e08   0x000000c4   Code   RO         2480    i.DMA_CalcDMAMUXChannelBaseAndMask  stm32h7xx_hal_dma.o
    0x08000ecc   0x00000098   Code   RO         2481    i.DMA_CalcDMAMUXRequestGenBaseAndMask  stm32h7xx_hal_dma.o
    0x08000f64   0x000000ae   Code   RO         2482    i.DMA_CheckFifoParam  stm32h7xx_hal_dma.o
    0x08001012   0x00000002   Code   RO          550    i.DebugMon_Handler  stm32h7xx_it.o
    0x08001014   0x00000014   Code   RO          551    i.EXTI15_10_IRQHandler  stm32h7xx_it.o
    0x08001028   0x0000000a   Code   RO          552    i.EXTI9_5_IRQHandler  stm32h7xx_it.o
    0x08001032   0x00000006   Code   RO           13    i.Error_Handler     main.o
    0x08001038   0x0000003c   Code   RO         7046    i.GPS_Init          gps.o
    0x08001074   0x000000c8   Code   RO         7047    i.GPS_parse         gps.o
    0x0800113c   0x0000009c   Code   RO         7048    i.GPS_validate      gps.o
    0x080011d8   0x00000034   Code   RO          792    i.Get_SerialNum     usbd_desc.o
    0x0800120c   0x000004dc   Code   RO         2484    i.HAL_DMA_Abort     stm32h7xx_hal_dma.o
    0x080016e8   0x00000398   Code   RO         2485    i.HAL_DMA_Abort_IT  stm32h7xx_hal_dma.o
    0x08001a80   0x00000af8   Code   RO         2489    i.HAL_DMA_IRQHandler  stm32h7xx_hal_dma.o
    0x08002578   0x00000514   Code   RO         2490    i.HAL_DMA_Init      stm32h7xx_hal_dma.o
    0x08002a8c   0x00000028   Code   RO         3327    i.HAL_Delay         stm32h7xx_hal.o
    0x08002ab4   0x00000108   Code   RO         6855    i.HAL_GPIO_EXTI_Callback  bsp_gpio.o
    0x08002bbc   0x0000001c   Code   RO         2331    i.HAL_GPIO_EXTI_IRQHandler  stm32h7xx_hal_gpio.o
    0x08002bd8   0x000001f0   Code   RO         2332    i.HAL_GPIO_Init     stm32h7xx_hal_gpio.o
    0x08002dc8   0x00000010   Code   RO         2334    i.HAL_GPIO_ReadPin  stm32h7xx_hal_gpio.o
    0x08002dd8   0x0000000c   Code   RO         2336    i.HAL_GPIO_WritePin  stm32h7xx_hal_gpio.o
    0x08002de4   0x0000000c   Code   RO         3343    i.HAL_GetTick       stm32h7xx_hal.o
    0x08002df0   0x00000018   Code   RO         3349    i.HAL_IncTick       stm32h7xx_hal.o
    0x08002e08   0x00000060   Code   RO         3350    i.HAL_Init          stm32h7xx_hal.o
    0x08002e68   0x00000094   Code   RO          705    i.HAL_InitTick      stm32h7xx_hal_timebase_tim.o
    0x08002efc   0x0000005c   Code   RO         3175    i.HAL_MPU_ConfigRegion  stm32h7xx_hal_cortex.o
    0x08002f58   0x0000002c   Code   RO         3176    i.HAL_MPU_Disable   stm32h7xx_hal_cortex.o
    0x08002f84   0x00000040   Code   RO         3177    i.HAL_MPU_Enable    stm32h7xx_hal_cortex.o
    0x08002fc4   0x00000030   Code   RO          681    i.HAL_MspInit       stm32h7xx_hal_msp.o
    0x08002ff4   0x00000028   Code   RO         3180    i.HAL_NVIC_EnableIRQ  stm32h7xx_hal_cortex.o
    0x0800301c   0x0000007a   Code   RO         3186    i.HAL_NVIC_SetPriority  stm32h7xx_hal_cortex.o
    0x08003096   0x00000002   PAD
    0x08003098   0x00000028   Code   RO         3187    i.HAL_NVIC_SetPriorityGrouping  stm32h7xx_hal_cortex.o
    0x080030c0   0x00000028   Code   RO         1377    i.HAL_PCDEx_ActivateLPM  stm32h7xx_hal_pcd_ex.o
    0x080030e8   0x00000002   Code   RO         1382    i.HAL_PCDEx_LPM_Callback  stm32h7xx_hal_pcd_ex.o
    0x080030ea   0x0000000a   Code   RO         1383    i.HAL_PCDEx_SetRxFiFo  stm32h7xx_hal_pcd_ex.o
    0x080030f4   0x0000004e   Code   RO         1384    i.HAL_PCDEx_SetTxFiFo  stm32h7xx_hal_pcd_ex.o
    0x08003142   0x0000000e   Code   RO          932    i.HAL_PCD_ConnectCallback  usbd_conf.o
    0x08003150   0x00000020   Code   RO          933    i.HAL_PCD_DataInStageCallback  usbd_conf.o
    0x08003170   0x00000020   Code   RO          934    i.HAL_PCD_DataOutStageCallback  usbd_conf.o
    0x08003190   0x0000000e   Code   RO          935    i.HAL_PCD_DisconnectCallback  usbd_conf.o
    0x0800319e   0x00000042   Code   RO         1148    i.HAL_PCD_EP_Abort  stm32h7xx_hal_pcd.o
    0x080031e0   0x0000006a   Code   RO         1149    i.HAL_PCD_EP_Close  stm32h7xx_hal_pcd.o
    0x0800324a   0x0000007c   Code   RO         1150    i.HAL_PCD_EP_ClrStall  stm32h7xx_hal_pcd.o
    0x080032c6   0x0000008c   Code   RO         1153    i.HAL_PCD_EP_Open   stm32h7xx_hal_pcd.o
    0x08003352   0x00000058   Code   RO         1154    i.HAL_PCD_EP_Receive  stm32h7xx_hal_pcd.o
    0x080033aa   0x0000008a   Code   RO         1155    i.HAL_PCD_EP_SetStall  stm32h7xx_hal_pcd.o
    0x08003434   0x0000005a   Code   RO         1156    i.HAL_PCD_EP_Transmit  stm32h7xx_hal_pcd.o
    0x0800348e   0x0000070e   Code   RO         1158    i.HAL_PCD_IRQHandler  stm32h7xx_hal_pcd.o
    0x08003b9c   0x00000012   Code   RO          936    i.HAL_PCD_ISOINIncompleteCallback  usbd_conf.o
    0x08003bae   0x00000012   Code   RO          937    i.HAL_PCD_ISOOUTIncompleteCallback  usbd_conf.o
    0x08003bc0   0x00000172   Code   RO         1161    i.HAL_PCD_Init      stm32h7xx_hal_pcd.o
    0x08003d32   0x00000002   PAD
    0x08003d34   0x000000ac   Code   RO          939    i.HAL_PCD_MspInit   usbd_conf.o
    0x08003de0   0x00000030   Code   RO          940    i.HAL_PCD_ResetCallback  usbd_conf.o
    0x08003e10   0x0000000e   Code   RO          941    i.HAL_PCD_ResumeCallback  usbd_conf.o
    0x08003e1e   0x0000000e   Code   RO          942    i.HAL_PCD_SOFCallback  usbd_conf.o
    0x08003e2c   0x00000036   Code   RO         1167    i.HAL_PCD_SetAddress  stm32h7xx_hal_pcd.o
    0x08003e62   0x00000012   Code   RO          943    i.HAL_PCD_SetupStageCallback  usbd_conf.o
    0x08003e74   0x0000004a   Code   RO         1170    i.HAL_PCD_Start     stm32h7xx_hal_pcd.o
    0x08003ebe   0x00000002   PAD
    0x08003ec0   0x00000034   Code   RO          944    i.HAL_PCD_SuspendCallback  usbd_conf.o
    0x08003ef4   0x00000060   Code   RO         2933    i.HAL_PWREx_ConfigSupply  stm32h7xx_hal_pwr_ex.o
    0x08003f54   0x00000014   Code   RO         2950    i.HAL_PWREx_EnableUSBVoltageDetector  stm32h7xx_hal_pwr_ex.o
    0x08003f68   0x00000024   Code   RO         1875    i.HAL_RCCEx_GetD3PCLK1Freq  stm32h7xx_hal_rcc_ex.o
    0x08003f8c   0x00000230   Code   RO         1877    i.HAL_RCCEx_GetPLL2ClockFreq  stm32h7xx_hal_rcc_ex.o
    0x080041bc   0x00000230   Code   RO         1878    i.HAL_RCCEx_GetPLL3ClockFreq  stm32h7xx_hal_rcc_ex.o
    0x080043ec   0x00000ad4   Code   RO         1884    i.HAL_RCCEx_PeriphCLKConfig  stm32h7xx_hal_rcc_ex.o
    0x08004ec0   0x00000320   Code   RO         1760    i.HAL_RCC_ClockConfig  stm32h7xx_hal_rcc.o
    0x080051e0   0x0000006c   Code   RO         1764    i.HAL_RCC_GetClockConfig  stm32h7xx_hal_rcc.o
    0x0800524c   0x0000004c   Code   RO         1765    i.HAL_RCC_GetHCLKFreq  stm32h7xx_hal_rcc.o
    0x08005298   0x00000024   Code   RO         1767    i.HAL_RCC_GetPCLK1Freq  stm32h7xx_hal_rcc.o
    0x080052bc   0x00000024   Code   RO         1768    i.HAL_RCC_GetPCLK2Freq  stm32h7xx_hal_rcc.o
    0x080052e0   0x0000022c   Code   RO         1769    i.HAL_RCC_GetSysClockFreq  stm32h7xx_hal_rcc.o
    0x0800550c   0x00000704   Code   RO         1772    i.HAL_RCC_OscConfig  stm32h7xx_hal_rcc.o
    0x08005c10   0x00000180   Code   RO         4267    i.HAL_SPI_Init      stm32h7xx_hal_spi.o
    0x08005d90   0x000000e0   Code   RO          405    i.HAL_SPI_MspInit   spi.o
    0x08005e70   0x000002bc   Code   RO         4275    i.HAL_SPI_Transmit  stm32h7xx_hal_spi.o
    0x0800612c   0x00000002   Code   RO         5311    i.HAL_TIMEx_Break2Callback  stm32h7xx_hal_tim_ex.o
    0x0800612e   0x00000002   Code   RO         5312    i.HAL_TIMEx_BreakCallback  stm32h7xx_hal_tim_ex.o
    0x08006130   0x00000002   Code   RO         5313    i.HAL_TIMEx_CommutCallback  stm32h7xx_hal_tim_ex.o
    0x08006132   0x00000002   PAD
    0x08006134   0x000000e4   Code   RO         5334    i.HAL_TIMEx_MasterConfigSynchronization  stm32h7xx_hal_tim_ex.o
    0x08006218   0x0000006e   Code   RO         4586    i.HAL_TIM_Base_Init  stm32h7xx_hal_tim.o
    0x08006286   0x00000002   PAD
    0x08006288   0x000000b4   Code   RO          447    i.HAL_TIM_Base_MspInit  tim.o
    0x0800633c   0x000000cc   Code   RO         4591    i.HAL_TIM_Base_Start_IT  stm32h7xx_hal_tim.o
    0x08006408   0x0000003e   Code   RO         4594    i.HAL_TIM_Base_Stop_IT  stm32h7xx_hal_tim.o
    0x08006446   0x00000002   PAD
    0x08006448   0x00000134   Code   RO         4595    i.HAL_TIM_ConfigClockSource  stm32h7xx_hal_tim.o
    0x0800657c   0x00000002   Code   RO         4620    i.HAL_TIM_IC_CaptureCallback  stm32h7xx_hal_tim.o
    0x0800657e   0x000001b8   Code   RO         4634    i.HAL_TIM_IRQHandler  stm32h7xx_hal_tim.o
    0x08006736   0x00000002   Code   RO         4637    i.HAL_TIM_OC_DelayElapsedCallback  stm32h7xx_hal_tim.o
    0x08006738   0x00000002   Code   RO         4664    i.HAL_TIM_PWM_PulseFinishedCallback  stm32h7xx_hal_tim.o
    0x0800673a   0x00000002   PAD
    0x0800673c   0x00000114   Code   RO         6740    i.HAL_TIM_PeriodElapsedCallback  bsp_tim.o
    0x08006850   0x00000002   Code   RO         4677    i.HAL_TIM_TriggerCallback  stm32h7xx_hal_tim.o
    0x08006852   0x0000004e   Code   RO         6039    i.HAL_UARTEx_DisableFifoMode  stm32h7xx_hal_uart_ex.o
    0x080068a0   0x00000002   Code   RO         5623    i.HAL_UARTEx_RxEventCallback  stm32h7xx_hal_uart.o
    0x080068a2   0x00000002   Code   RO         6046    i.HAL_UARTEx_RxFifoFullCallback  stm32h7xx_hal_uart_ex.o
    0x080068a4   0x0000005e   Code   RO         6047    i.HAL_UARTEx_SetRxFifoThreshold  stm32h7xx_hal_uart_ex.o
    0x08006902   0x0000005e   Code   RO         6048    i.HAL_UARTEx_SetTxFifoThreshold  stm32h7xx_hal_uart_ex.o
    0x08006960   0x00000002   Code   RO         6050    i.HAL_UARTEx_TxFifoEmptyCallback  stm32h7xx_hal_uart_ex.o
    0x08006962   0x00000002   Code   RO         6051    i.HAL_UARTEx_WakeupCallback  stm32h7xx_hal_uart_ex.o
    0x08006964   0x00000002   Code   RO         5627    i.HAL_UART_AbortReceiveCpltCallback  stm32h7xx_hal_uart.o
    0x08006966   0x00000002   PAD
    0x08006968   0x000000f8   Code   RO         5628    i.HAL_UART_AbortReceive_IT  stm32h7xx_hal_uart.o
    0x08006a60   0x00000002   Code   RO         5639    i.HAL_UART_ErrorCallback  stm32h7xx_hal_uart.o
    0x08006a62   0x00000002   PAD
    0x08006a64   0x00000458   Code   RO         5642    i.HAL_UART_IRQHandler  stm32h7xx_hal_uart.o
    0x08006ebc   0x00000078   Code   RO         5643    i.HAL_UART_Init     stm32h7xx_hal_uart.o
    0x08006f34   0x0000013c   Code   RO          501    i.HAL_UART_MspInit  usart.o
    0x08007070   0x00000074   Code   RO         5648    i.HAL_UART_Receive_IT  stm32h7xx_hal_uart.o
    0x080070e4   0x0000007c   Code   RO         7049    i.HAL_UART_RxCpltCallback  gps.o
    0x08007160   0x00000002   Code   RO         5655    i.HAL_UART_TxCpltCallback  stm32h7xx_hal_uart.o
    0x08007162   0x00000004   Code   RO          553    i.HardFault_Handler  stm32h7xx_it.o
    0x08007166   0x0000003e   Code   RO          793    i.IntToUnicode      usbd_desc.o
    0x080071a4   0x0000004a   Code   RO         6889    i.LCD_Address_Set   tftlcd.o
    0x080071ee   0x00000014   Code   RO         6890    i.LCD_Clear         tftlcd.o
    0x08007202   0x00000002   PAD
    0x08007204   0x00000098   Code   RO         6899    i.LCD_Fill          tftlcd.o
    0x0800729c   0x000001bc   Code   RO         6900    i.LCD_Init          tftlcd.o
    0x08007458   0x00000010   Code   RO         6902    i.LCD_SPI_Send      tftlcd.o
    0x08007468   0x00000210   Code   RO         6903    i.LCD_ShowChar      tftlcd.o
    0x08007678   0x00000062   Code   RO         6905    i.LCD_ShowString    tftlcd.o
    0x080076da   0x00000002   PAD
    0x080076dc   0x0000001c   Code   RO         6908    i.LCD_Write_Cmd     tftlcd.o
    0x080076f8   0x0000001c   Code   RO         6909    i.LCD_Write_Data    tftlcd.o
    0x08007714   0x0000002c   Code   RO         6910    i.LCD_Write_HalfWord  tftlcd.o
    0x08007740   0x00000056   Code   RO           14    i.MPU_Config        main.o
    0x08007796   0x00000002   PAD
    0x08007798   0x00000034   Code   RO          380    i.MX_BDMA_Init      bdma.o
    0x080077cc   0x00000060   Code   RO          316    i.MX_FREERTOS_Init  freertos.o
    0x0800782c   0x000001dc   Code   RO          288    i.MX_GPIO_Init      gpio.o
    0x08007a08   0x00000064   Code   RO          406    i.MX_SPI6_Init      spi.o
    0x08007a6c   0x00000074   Code   RO          448    i.MX_TIM2_Init      tim.o
    0x08007ae0   0x00000070   Code   RO          449    i.MX_TIM3_Init      tim.o
    0x08007b50   0x00000070   Code   RO          450    i.MX_TIM4_Init      tim.o
    0x08007bc0   0x0000006c   Code   RO          502    i.MX_USART1_UART_Init  usart.o
    0x08007c2c   0x0000006c   Code   RO          503    i.MX_USART2_UART_Init  usart.o
    0x08007c98   0x00000050   Code   RO          744    i.MX_USB_DEVICE_Init  usb_device.o
    0x08007ce8   0x00000004   Code   RO          554    i.MemManage_Handler  stm32h7xx_it.o
    0x08007cec   0x00000004   Code   RO          555    i.NMI_Handler       stm32h7xx_it.o
    0x08007cf0   0x00000010   Code   RO          556    i.OTG_HS_EP1_IN_IRQHandler  stm32h7xx_it.o
    0x08007d00   0x00000010   Code   RO          557    i.OTG_HS_EP1_OUT_IRQHandler  stm32h7xx_it.o
    0x08007d10   0x00000010   Code   RO          558    i.OTG_HS_IRQHandler  stm32h7xx_it.o
    0x08007d20   0x00000064   Code   RO         1173    i.PCD_EP_OutSetupPacket_int  stm32h7xx_hal_pcd.o
    0x08007d84   0x00000144   Code   RO         1174    i.PCD_EP_OutXfrComplete_int  stm32h7xx_hal_pcd.o
    0x08007ec8   0x000000b6   Code   RO         1175    i.PCD_WriteEmptyTxFifo  stm32h7xx_hal_pcd.o
    0x08007f7e   0x00000002   PAD
    0x08007f80   0x00000074   Code   RO         6824    i.Prepare_LCD       bsp_lcd.o
    0x08007ff4   0x00000164   Code   RO         1887    i.RCCEx_PLL2_Config  stm32h7xx_hal_rcc_ex.o
    0x08008158   0x00000164   Code   RO         1888    i.RCCEx_PLL3_Config  stm32h7xx_hal_rcc_ex.o
    0x080082bc   0x00000018   Code   RO         6797    i.SPI6_WriteData    bsp_spi.o
    0x080082d4   0x000000d6   Code   RO         4286    i.SPI_CloseTransfer  stm32h7xx_hal_spi.o
    0x080083aa   0x0000001a   Code   RO         4297    i.SPI_GetPacketSize  stm32h7xx_hal_spi.o
    0x080083c4   0x00000040   Code   RO         4304    i.SPI_WaitOnFlagUntilTimeout  stm32h7xx_hal_spi.o
    0x08008404   0x00000012   Code   RO         6355    i.SWAPBYTE          usbd_ctlreq.o
    0x08008416   0x00000002   PAD
    0x08008418   0x00000058   Code   RO         8523    i.Send_Camera_Shot_Time  task_camera_utc.o
    0x08008470   0x00000034   Code   RO         8408    i.SysTick_Handler   port.o
    0x080084a4   0x000000c8   Code   RO           15    i.SystemClock_Config  main.o
    0x0800856c   0x000000e0   Code   RO         6157    i.SystemInit        system_stm32h7xx.o
    0x0800864c   0x00000010   Code   RO          559    i.TIM1_UP_IRQHandler  stm32h7xx_it.o
    0x0800865c   0x00000010   Code   RO          560    i.TIM2_IRQHandler   stm32h7xx_it.o
    0x0800866c   0x00000010   Code   RO          561    i.TIM3_IRQHandler   stm32h7xx_it.o
    0x0800867c   0x00000010   Code   RO          562    i.TIM4_IRQHandler   stm32h7xx_it.o
    0x0800868c   0x000000e0   Code   RO         4679    i.TIM_Base_SetConfig  stm32h7xx_hal_tim.o
    0x0800876c   0x00000016   Code   RO         4690    i.TIM_ETR_SetConfig  stm32h7xx_hal_tim.o
    0x08008782   0x00000002   PAD
    0x08008784   0x00000018   Code   RO         4691    i.TIM_ITRx_SetConfig  stm32h7xx_hal_tim.o
    0x0800879c   0x00000026   Code   RO         4699    i.TIM_TI1_ConfigInputStage  stm32h7xx_hal_tim.o
    0x080087c2   0x00000028   Code   RO         4701    i.TIM_TI2_ConfigInputStage  stm32h7xx_hal_tim.o
    0x080087ea   0x00000002   PAD
    0x080087ec   0x00000040   Code   RO         6741    i.Trigger_IMU_Lidar  bsp_tim.o
    0x0800882c   0x000000e8   Code   RO         6742    i.Trigger_judgment  bsp_tim.o
    0x08008914   0x00000058   Code   RO         6052    i.UARTEx_SetNbDataToProcess  stm32h7xx_hal_uart_ex.o
    0x0800896c   0x000000f8   Code   RO         5657    i.UART_AdvFeatureConfig  stm32h7xx_hal_uart.o
    0x08008a64   0x00000076   Code   RO         5658    i.UART_CheckIdleState  stm32h7xx_hal_uart.o
    0x08008ada   0x00000018   Code   RO         5659    i.UART_DMAAbortOnError  stm32h7xx_hal_uart.o
    0x08008af2   0x00000030   Code   RO         5664    i.UART_DMARxOnlyAbortCallback  stm32h7xx_hal_uart.o
    0x08008b22   0x00000002   PAD
    0x08008b24   0x0000006c   Code   RO         5669    i.UART_EndRxTransfer  stm32h7xx_hal_uart.o
    0x08008b90   0x00000030   Code   RO         5670    i.UART_EndTransmit_IT  stm32h7xx_hal_uart.o
    0x08008bc0   0x000000d2   Code   RO         5672    i.UART_RxISR_16BIT  stm32h7xx_hal_uart.o
    0x08008c92   0x00000002   PAD
    0x08008c94   0x000001c8   Code   RO         5673    i.UART_RxISR_16BIT_FIFOEN  stm32h7xx_hal_uart.o
    0x08008e5c   0x000000ce   Code   RO         5674    i.UART_RxISR_8BIT   stm32h7xx_hal_uart.o
    0x08008f2a   0x00000002   PAD
    0x08008f2c   0x000001c8   Code   RO         5675    i.UART_RxISR_8BIT_FIFOEN  stm32h7xx_hal_uart.o
    0x080090f4   0x00000628   Code   RO         5676    i.UART_SetConfig    stm32h7xx_hal_uart.o
    0x0800971c   0x00000170   Code   RO         5678    i.UART_Start_Receive_IT  stm32h7xx_hal_uart.o
    0x0800988c   0x000000fe   Code   RO         5683    i.UART_WaitOnFlagUntilTimeout  stm32h7xx_hal_uart.o
    0x0800998a   0x00000002   PAD
    0x0800998c   0x00000010   Code   RO          563    i.USART1_IRQHandler  stm32h7xx_it.o
    0x0800999c   0x00000010   Code   RO          564    i.USART2_IRQHandler  stm32h7xx_it.o
    0x080099ac   0x00000018   Code   RO         6518    i.USBD_CUSTOM_HID_DataIn  usbd_customhid.o
    0x080099c4   0x00000040   Code   RO         6519    i.USBD_CUSTOM_HID_DataOut  usbd_customhid.o
    0x08009a04   0x000000c4   Code   RO         6520    i.USBD_CUSTOM_HID_DeInit  usbd_customhid.o
    0x08009ac8   0x00000038   Code   RO         6521    i.USBD_CUSTOM_HID_EP0_RxReady  usbd_customhid.o
    0x08009b00   0x00000010   Code   RO         6522    i.USBD_CUSTOM_HID_GetDeviceQualifierDesc  usbd_customhid.o
    0x08009b10   0x00000038   Code   RO         6523    i.USBD_CUSTOM_HID_GetFSCfgDesc  usbd_customhid.o
    0x08009b48   0x00000038   Code   RO         6524    i.USBD_CUSTOM_HID_GetHSCfgDesc  usbd_customhid.o
    0x08009b80   0x00000038   Code   RO         6525    i.USBD_CUSTOM_HID_GetOtherSpeedCfgDesc  usbd_customhid.o
    0x08009bb8   0x00000118   Code   RO         6526    i.USBD_CUSTOM_HID_Init  usbd_customhid.o
    0x08009cd0   0x00000038   Code   RO         6527    i.USBD_CUSTOM_HID_ReceivePacket  usbd_customhid.o
    0x08009d08   0x00000018   Code   RO         6528    i.USBD_CUSTOM_HID_RegisterInterface  usbd_customhid.o
    0x08009d20   0x00000058   Code   RO         6529    i.USBD_CUSTOM_HID_SendReport  usbd_customhid.o
    0x08009d78   0x00000018   Code   RO          885    i.USBD_CUSTOM_HID_SendReport_HS  usbd_custom_hid_if.o
    0x08009d90   0x0000019c   Code   RO         6530    i.USBD_CUSTOM_HID_Setup  usbd_customhid.o
    0x08009f2c   0x0000001c   Code   RO         6193    i.USBD_ClrClassConfig  usbd_core.o
    0x08009f48   0x0000003e   Code   RO         6356    i.USBD_ClrFeature   usbd_ctlreq.o
    0x08009f86   0x00000006   Code   RO         6194    i.USBD_CoreFindEP   usbd_core.o
    0x08009f8c   0x00000006   Code   RO         6195    i.USBD_CoreFindIF   usbd_core.o
    0x08009f92   0x00000018   Code   RO         6458    i.USBD_CtlContinueRx  usbd_ioreq.o
    0x08009faa   0x00000018   Code   RO         6459    i.USBD_CtlContinueSendData  usbd_ioreq.o
    0x08009fc2   0x00000018   Code   RO         6357    i.USBD_CtlError     usbd_ctlreq.o
    0x08009fda   0x00000028   Code   RO         6460    i.USBD_CtlPrepareRx  usbd_ioreq.o
    0x0800a002   0x0000001a   Code   RO         6461    i.USBD_CtlReceiveStatus  usbd_ioreq.o
    0x0800a01c   0x00000022   Code   RO         6462    i.USBD_CtlSendData  usbd_ioreq.o
    0x0800a03e   0x0000001a   Code   RO         6463    i.USBD_CtlSendStatus  usbd_ioreq.o
    0x0800a058   0x00000056   Code   RO         6358    i.USBD_GetConfig    usbd_ctlreq.o
    0x0800a0ae   0x000001fc   Code   RO         6359    i.USBD_GetDescriptor  usbd_ctlreq.o
    0x0800a2aa   0x00000050   Code   RO         6197    i.USBD_GetEpDesc    usbd_core.o
    0x0800a2fa   0x00000016   Code   RO         6360    i.USBD_GetLen       usbd_ctlreq.o
    0x0800a310   0x00000014   Code   RO         6198    i.USBD_GetNextDesc  usbd_core.o
    0x0800a324   0x0000005a   Code   RO         6361    i.USBD_GetStatus    usbd_ctlreq.o
    0x0800a37e   0x00000054   Code   RO         6362    i.USBD_GetString    usbd_ctlreq.o
    0x0800a3d2   0x0000002c   Code   RO          945    i.USBD_Get_USB_Status  usbd_conf.o
    0x0800a3fe   0x00000002   PAD
    0x0800a400   0x0000003c   Code   RO          794    i.USBD_HS_ConfigStrDescriptor  usbd_desc.o
    0x0800a43c   0x00000010   Code   RO          795    i.USBD_HS_DeviceDescriptor  usbd_desc.o
    0x0800a44c   0x00000040   Code   RO          796    i.USBD_HS_InterfaceStrDescriptor  usbd_desc.o
    0x0800a48c   0x00000010   Code   RO          797    i.USBD_HS_LangIDStrDescriptor  usbd_desc.o
    0x0800a49c   0x0000002c   Code   RO          798    i.USBD_HS_ManufacturerStrDescriptor  usbd_desc.o
    0x0800a4c8   0x00000048   Code   RO          799    i.USBD_HS_ProductStrDescriptor  usbd_desc.o
    0x0800a510   0x00000018   Code   RO          800    i.USBD_HS_SerialStrDescriptor  usbd_desc.o
    0x0800a528   0x0000003a   Code   RO         6199    i.USBD_Init         usbd_core.o
    0x0800a562   0x00000026   Code   RO          946    i.USBD_LL_ClearStallEP  usbd_conf.o
    0x0800a588   0x00000026   Code   RO          947    i.USBD_LL_CloseEP   usbd_conf.o
    0x0800a5ae   0x00000108   Code   RO         6200    i.USBD_LL_DataInStage  usbd_core.o
    0x0800a6b6   0x00000102   Code   RO         6201    i.USBD_LL_DataOutStage  usbd_core.o
    0x0800a7b8   0x00000006   Code   RO         6202    i.USBD_LL_DevConnected  usbd_core.o
    0x0800a7be   0x00000026   Code   RO         6203    i.USBD_LL_DevDisconnected  usbd_core.o
    0x0800a7e4   0x00000070   Code   RO          952    i.USBD_LL_Init      usbd_conf.o
    0x0800a854   0x00000038   Code   RO          953    i.USBD_LL_IsStallEP  usbd_conf.o
    0x0800a88c   0x00000048   Code   RO         6204    i.USBD_LL_IsoINIncomplete  usbd_core.o
    0x0800a8d4   0x00000048   Code   RO         6205    i.USBD_LL_IsoOUTIncomplete  usbd_core.o
    0x0800a91c   0x00000030   Code   RO          954    i.USBD_LL_OpenEP    usbd_conf.o
    0x0800a94c   0x00000030   Code   RO          955    i.USBD_LL_PrepareReceive  usbd_conf.o
    0x0800a97c   0x0000006c   Code   RO         6206    i.USBD_LL_Reset     usbd_core.o
    0x0800a9e8   0x00000016   Code   RO         6207    i.USBD_LL_Resume    usbd_core.o
    0x0800a9fe   0x00000028   Code   RO         6208    i.USBD_LL_SOF       usbd_core.o
    0x0800aa26   0x00000008   Code   RO         6209    i.USBD_LL_SetSpeed  usbd_core.o
    0x0800aa2e   0x00000026   Code   RO          956    i.USBD_LL_SetUSBAddress  usbd_conf.o
    0x0800aa54   0x00000076   Code   RO         6210    i.USBD_LL_SetupStage  usbd_core.o
    0x0800aaca   0x00000026   Code   RO          957    i.USBD_LL_StallEP   usbd_conf.o
    0x0800aaf0   0x0000001e   Code   RO          958    i.USBD_LL_Start     usbd_conf.o
    0x0800ab0e   0x00000014   Code   RO         6211    i.USBD_LL_Suspend   usbd_core.o
    0x0800ab22   0x00000030   Code   RO          960    i.USBD_LL_Transmit  usbd_conf.o
    0x0800ab52   0x00000036   Code   RO         6363    i.USBD_ParseSetupRequest  usbd_ctlreq.o
    0x0800ab88   0x00000048   Code   RO         6212    i.USBD_RegisterClass  usbd_core.o
    0x0800abd0   0x00000006   Code   RO         6213    i.USBD_RunTestMode  usbd_core.o
    0x0800abd6   0x0000005a   Code   RO         6364    i.USBD_SetAddress   usbd_ctlreq.o
    0x0800ac30   0x00000020   Code   RO         6214    i.USBD_SetClassConfig  usbd_core.o
    0x0800ac50   0x00000104   Code   RO         6365    i.USBD_SetConfig    usbd_ctlreq.o
    0x0800ad54   0x00000038   Code   RO         6366    i.USBD_SetFeature   usbd_ctlreq.o
    0x0800ad8c   0x0000000c   Code   RO         6215    i.USBD_Start        usbd_core.o
    0x0800ad98   0x000000ae   Code   RO         6367    i.USBD_StdDevReq    usbd_ctlreq.o
    0x0800ae46   0x00000280   Code   RO         6368    i.USBD_StdEPReq     usbd_ctlreq.o
    0x0800b0c6   0x000000ae   Code   RO         6369    i.USBD_StdItfReq    usbd_ctlreq.o
    0x0800b174   0x00000002   Code   RO          961    i.USBD_static_free  usbd_conf.o
    0x0800b176   0x00000002   PAD
    0x0800b178   0x0000000c   Code   RO          962    i.USBD_static_malloc  usbd_conf.o
    0x0800b184   0x000000d0   Code   RO         1449    i.USB_ActivateEndpoint  stm32h7xx_ll_usb.o
    0x0800b254   0x00000028   Code   RO         1451    i.USB_ActivateSetup  stm32h7xx_ll_usb.o
    0x0800b27c   0x00000098   Code   RO         1453    i.USB_CoreInit      stm32h7xx_ll_usb.o
    0x0800b314   0x00000058   Code   RO         1454    i.USB_CoreReset     stm32h7xx_ll_usb.o
    0x0800b36c   0x0000014c   Code   RO         1457    i.USB_DeactivateEndpoint  stm32h7xx_ll_usb.o
    0x0800b4b8   0x00000024   Code   RO         1458    i.USB_DevConnect    stm32h7xx_ll_usb.o
    0x0800b4dc   0x00000024   Code   RO         1459    i.USB_DevDisconnect  stm32h7xx_ll_usb.o
    0x0800b500   0x000001d8   Code   RO         1460    i.USB_DevInit       stm32h7xx_ll_usb.o
    0x0800b6d8   0x0000000e   Code   RO         1461    i.USB_DisableGlobalInt  stm32h7xx_ll_usb.o
    0x0800b6e6   0x00000002   PAD
    0x0800b6e8   0x000001dc   Code   RO         1464    i.USB_EP0StartXfer  stm32h7xx_ll_usb.o
    0x0800b8c4   0x00000070   Code   RO         1465    i.USB_EP0_OutStart  stm32h7xx_ll_usb.o
    0x0800b934   0x0000008e   Code   RO         1466    i.USB_EPClearStall  stm32h7xx_ll_usb.o
    0x0800b9c2   0x0000009a   Code   RO         1467    i.USB_EPSetStall    stm32h7xx_ll_usb.o
    0x0800ba5c   0x00000348   Code   RO         1468    i.USB_EPStartXfer   stm32h7xx_ll_usb.o
    0x0800bda4   0x000000ec   Code   RO         1469    i.USB_EPStopXfer    stm32h7xx_ll_usb.o
    0x0800be90   0x0000000e   Code   RO         1470    i.USB_EnableGlobalInt  stm32h7xx_ll_usb.o
    0x0800be9e   0x00000002   PAD
    0x0800bea0   0x00000054   Code   RO         1471    i.USB_FlushRxFifo   stm32h7xx_ll_usb.o
    0x0800bef4   0x00000058   Code   RO         1472    i.USB_FlushTxFifo   stm32h7xx_ll_usb.o
    0x0800bf4c   0x00000026   Code   RO         1474    i.USB_GetDevSpeed   stm32h7xx_ll_usb.o
    0x0800bf72   0x0000000a   Code   RO         1476    i.USB_GetMode       stm32h7xx_ll_usb.o
    0x0800bf7c   0x00000014   Code   RO         1483    i.USB_ReadDevAllInEpInterrupt  stm32h7xx_ll_usb.o
    0x0800bf90   0x00000014   Code   RO         1484    i.USB_ReadDevAllOutEpInterrupt  stm32h7xx_ll_usb.o
    0x0800bfa4   0x00000032   Code   RO         1485    i.USB_ReadDevInEPInterrupt  stm32h7xx_ll_usb.o
    0x0800bfd6   0x0000001a   Code   RO         1486    i.USB_ReadDevOutEPInterrupt  stm32h7xx_ll_usb.o
    0x0800bff0   0x0000000a   Code   RO         1487    i.USB_ReadInterrupts  stm32h7xx_ll_usb.o
    0x0800bffa   0x00000060   Code   RO         1488    i.USB_ReadPacket    stm32h7xx_ll_usb.o
    0x0800c05a   0x00000068   Code   RO         1490    i.USB_SetCurrentMode  stm32h7xx_ll_usb.o
    0x0800c0c2   0x0000002a   Code   RO         1491    i.USB_SetDevAddress  stm32h7xx_ll_usb.o
    0x0800c0ec   0x00000012   Code   RO         1492    i.USB_SetDevSpeed   stm32h7xx_ll_usb.o
    0x0800c0fe   0x00000002   PAD
    0x0800c100   0x000000e8   Code   RO         1493    i.USB_SetTurnaroundTime  stm32h7xx_ll_usb.o
    0x0800c1e8   0x00000044   Code   RO         1496    i.USB_WritePacket   stm32h7xx_ll_usb.o
    0x0800c22c   0x00000004   Code   RO          565    i.UsageFault_Handler  stm32h7xx_it.o
    0x0800c230   0x00000010   Code   RO         3193    i.__NVIC_GetPriorityGrouping  stm32h7xx_hal_cortex.o
    0x0800c240   0x00000028   Code   RO         3194    i.__NVIC_SetPriority  stm32h7xx_hal_cortex.o
    0x0800c268   0x0000000e   Code   RO         8652    i._is_digit         c_w.l(__printf_wp.o)
    0x0800c276   0x00000002   PAD
    0x0800c278   0x00000090   Code   RO         8576    i.camera_cali_task  task_camera_cali.o
    0x0800c308   0x00000078   Code   RO         8524    i.camera_utc_task   task_camera_utc.o
    0x0800c380   0x0000001a   Code   RO         8525    i.data_checksum     task_camera_utc.o
    0x0800c39a   0x00000002   PAD
    0x0800c39c   0x00000030   Code   RO         6610    i.delay_init        bsp_delay.o
    0x0800c3cc   0x00000050   Code   RO         6611    i.delay_ms          bsp_delay.o
    0x0800c41c   0x00000008   Code   RO         7050    i.get_gps_data      gps.o
    0x0800c424   0x0000001c   Code   RO         8526    i.init_camera_utc_data  task_camera_utc.o
    0x0800c440   0x00000170   Code   RO           16    i.main              main.o
    0x0800c5b0   0x0000000e   Code   RO         7961    i.makeFreeRtosPriority  cmsis_os.o
    0x0800c5be   0x00000018   Code   RO         7963    i.osDelay           cmsis_os.o
    0x0800c5d6   0x0000000a   Code   RO         7966    i.osKernelStart     cmsis_os.o
    0x0800c5e0   0x0000005e   Code   RO         8000    i.osThreadCreate    cmsis_os.o
    0x0800c63e   0x00000002   PAD
    0x0800c640   0x000000a4   Code   RO         7593    i.prvAddCurrentTaskToDelayedList  tasks.o
    0x0800c6e4   0x000000b4   Code   RO         7594    i.prvAddNewTaskToReadyList  tasks.o
    0x0800c798   0x00000048   Code   RO         7595    i.prvCheckTasksWaitingTermination  tasks.o
    0x0800c7e0   0x00000050   Code   RO         7596    i.prvDeleteTCB      tasks.o
    0x0800c830   0x0000007c   Code   RO         8340    i.prvHeapInit       heap_4.o
    0x0800c8ac   0x00000028   Code   RO         7597    i.prvIdleTask       tasks.o
    0x0800c8d4   0x000000c2   Code   RO         7598    i.prvInitialiseNewTask  tasks.o
    0x0800c996   0x00000002   PAD
    0x0800c998   0x00000068   Code   RO         7599    i.prvInitialiseTaskLists  tasks.o
    0x0800ca00   0x00000068   Code   RO         8341    i.prvInsertBlockIntoFreeList  heap_4.o
    0x0800ca68   0x00000034   Code   RO         7600    i.prvResetNextTaskUnblockTime  tasks.o
    0x0800ca9c   0x00000040   Code   RO         8409    i.prvTaskExitError  port.o
    0x0800cadc   0x0000014c   Code   RO         8342    i.pvPortMalloc      heap_4.o
    0x0800cc28   0x0000002c   Code   RO         8410    i.pxPortInitialiseStack  port.o
    0x0800cc54   0x00000040   Code   RO         8577    i.trigger_camera    task_camera_cali.o
    0x0800cc94   0x00000054   Code   RO         8487    i.trigger_message_task  task_trigger_message.o
    0x0800cce8   0x00000028   Code   RO         7209    i.uxListRemove      list.o
    0x0800cd10   0x00000018   Code   RO          318    i.vApplicationGetIdleTaskMemory  freertos.o
    0x0800cd28   0x0000001a   Code   RO         7210    i.vListInitialise   list.o
    0x0800cd42   0x00000006   Code   RO         7211    i.vListInitialiseItem  list.o
    0x0800cd48   0x00000034   Code   RO         7212    i.vListInsert       list.o
    0x0800cd7c   0x00000018   Code   RO         7213    i.vListInsertEnd    list.o
    0x0800cd94   0x00000054   Code   RO         8412    i.vPortEnterCritical  port.o
    0x0800cde8   0x0000003c   Code   RO         8413    i.vPortExitCritical  port.o
    0x0800ce24   0x000000a4   Code   RO         8343    i.vPortFree         heap_4.o
    0x0800cec8   0x00000028   Code   RO         8414    i.vPortSetupTimerInterrupt  port.o
    0x0800cef0   0x0000005c   Code   RO         7613    i.vTaskDelay        tasks.o
    0x0800cf4c   0x000000b0   Code   RO         7626    i.vTaskStartScheduler  tasks.o
    0x0800cffc   0x00000010   Code   RO         7628    i.vTaskSuspendAll   tasks.o
    0x0800d00c   0x0000008c   Code   RO         7629    i.vTaskSwitchContext  tasks.o
    0x0800d098   0x00000168   Code   RO         8416    i.xPortStartScheduler  port.o
    0x0800d200   0x00000064   Code   RO         7633    i.xTaskCreate       tasks.o
    0x0800d264   0x000000ba   Code   RO         7634    i.xTaskCreateStatic  tasks.o
    0x0800d31e   0x00000002   PAD
    0x0800d320   0x00000148   Code   RO         7642    i.xTaskIncrementTick  tasks.o
    0x0800d468   0x00000104   Code   RO         7648    i.xTaskResumeAll    tasks.o
    0x0800d56c   0x0000002c   Code   RO         8746    locale$$code        c_w.l(lc_ctype_c.o)
    0x0800d598   0x0000008a   Code   RO         8685    x$fpl$dfltull       fz_wv.l(dfltll_clz.o)
    0x0800d622   0x0000000a   Code   RO         8830    x$fpl$fpinit        fz_wv.l(fpinit.o)
    0x0800d62c   0x00000000   Code   RO         8709    x$fpl$usenofp       fz_wv.l(usenofp.o)
    0x0800d62c   0x00000054   Data   RO          320    .constdata          freertos.o
    0x0800d680   0x00000008   Data   RO         2496    .constdata          stm32h7xx_hal_dma.o
    0x0800d688   0x00000018   Data   RO         5684    .constdata          stm32h7xx_hal_uart.o
    0x0800d6a0   0x00000010   Data   RO         6054    .constdata          stm32h7xx_hal_uart_ex.o
    0x0800d6b0   0x00000010   Data   RO         6158    .constdata          system_stm32h7xx.o
    0x0800d6c0   0x00004bb4   Data   RO         6912    .constdata          tftlcd.o
    0x08012274   0x00000028   Data   RO         8625    .constdata          c_w.l(_printf_hex_int.o)
    0x0801229c   0x00000011   Data   RO         8655    .constdata          c_w.l(__printf_flags_wp.o)
    0x080122ad   0x00000003   PAD
    0x080122b0   0x00000035   Data   RO          321    .conststring        freertos.o
    0x080122e5   0x00000003   PAD
    0x080122e8   0x00000020   Data   RO         8886    Region$$Table       anon$$obj.o
    0x08012308   0x00000110   Data   RO         8745    locale$$data        c_w.l(lc_ctype_c.o)


    Execution Region RW_IRAM1 (Base: 0x20000000, Size: 0x00000000, Max: 0x00020000, ABSOLUTE)

    **** No section assigned to this execution region ****


    Execution Region RW_IRAM2 (Base: 0x24000000, Size: 0x00007518, Max: 0x00050000, ABSOLUTE, COMPRESSED[0x000000d4])

    Base Addr    Size         Type   Attr      Idx    E Section Name        Object

    0x24000000   0x0000000c   Data   RW          322    .data               freertos.o
    0x2400000c   0x0000004e   Data   RW          802    .data               usbd_desc.o
    0x2400005a   0x00000002   PAD
    0x2400005c   0x00000038   Data   RW          886    .data               usbd_custom_hid_if.o
    0x24000094   0x00000009   Data   RW         3374    .data               stm32h7xx_hal.o
    0x2400009d   0x00000003   PAD
    0x240000a0   0x00000008   Data   RW         6159    .data               system_stm32h7xx.o
    0x240000a8   0x00000001   Data   RW         6370    .data               usbd_ctlreq.o
    0x240000a9   0x00000003   PAD
    0x240000ac   0x0000007c   Data   RW         6531    .data               usbd_customhid.o
    0x24000128   0x00000008   Data   RW         6613    .data               bsp_delay.o
    0x24000130   0x00000040   Data   RW         6743    .data               bsp_tim.o
    0x24000170   0x00000006   Data   RW         6856    .data               bsp_gpio.o
    0x24000176   0x00000004   Data   RW         6913    .data               tftlcd.o
    0x2400017a   0x00000006   PAD
    0x24000180   0x00000027   Data   RW         7052    .data               gps.o
    0x240001a7   0x00000001   PAD
    0x240001a8   0x0000003c   Data   RW         7651    .data               tasks.o
    0x240001e4   0x00000020   Data   RW         8349    .data               heap_4.o
    0x24000204   0x0000000c   Data   RW         8417    .data               port.o
    0x24000210   0x0000000c   Data   RW         8490    .data               task_trigger_message.o
    0x2400021c   0x0000000d   Data   RW         8529    .data               task_camera_utc.o
    0x24000229   0x00000003   PAD
    0x2400022c   0x00000004   Data   RW         8578    .data               task_camera_cali.o
    0x24000230   0x00000254   Zero   RW          319    .bss                freertos.o
    0x24000484   0x00000100   Zero   RW          407    .bss                spi.o
    0x24000584   0x000000e4   Zero   RW          451    .bss                tim.o
    0x24000668   0x00000120   Zero   RW          504    .bss                usart.o
    0x24000788   0x0000004c   Zero   RW          708    .bss                stm32h7xx_hal_timebase_tim.o
    0x240007d4   0x000002dc   Zero   RW          745    .bss                usb_device.o
    0x24000ab0   0x00000200   Zero   RW          801    .bss                usbd_desc.o
    0x24000cb0   0x00000528   Zero   RW          963    .bss                usbd_conf.o
    0x240011d8   0x00000480   Zero   RW         6911    .bss                tftlcd.o
    0x24001658   0x000000d8   Zero   RW         7051    .bss                gps.o
    0x24001730   0x000000f0   Zero   RW         7650    .bss                tasks.o
    0x24001820   0x00003c00   Zero   RW         8348    .bss                heap_4.o
    0x24005420   0x00000080   Zero   RW         8488    .bss                task_trigger_message.o
    0x240054a0   0x00000018   Zero   RW         8527    .bss                task_camera_utc.o
    0x240054b8   0x00000060   Zero   RW         8711    .bss                c_w.l(libspace.o)
    0x24005518   0x00001000   Zero   RW            2    HEAP                startup_stm32h730xx.o
    0x24006518   0x00001000   Zero   RW            1    STACK               startup_stm32h730xx.o


==============================================================================

Image component sizes


      Code (inc. data)   RO Data    RW Data    ZI Data      Debug   Object Name

        52          4          0          0          0        747   bdma.o
       128         20          0          8          0       1740   bsp_delay.o
       264         60          0          6          0       1052   bsp_gpio.o
       116         48          0          0          0        454   bsp_lcd.o
        24          4          0          0          0        805   bsp_spi.o
       572        132          0         64          0       2832   bsp_tim.o
       142          0          0          0          0      22759   cmsis_os.o
         0          0          0          0          0      15084   event_groups.o
       120         28        137         12        596       6912   freertos.o
       476         22          0          0          0       1143   gpio.o
       548        110          0         39        216       5755   gps.o
       724         74          0         32      15360       7331   heap_4.o
       148          0          0          0          0       3490   list.o
       660         20          0          0          0    1289295   main.o
       894         78          0         12          0      11008   port.o
       324         30          0          0        256       1782   spi.o
        64         26        716          0       8192        832   startup_stm32h730xx.o
       172         34          0          9          0      22782   stm32h7xx_hal.o
       458         38          0          0          0      41296   stm32h7xx_hal_cortex.o
      7030        138          8          0          0      10879   stm32h7xx_hal_dma.o
       552         54          0          0          0       3354   stm32h7xx_hal_gpio.o
        48          6          0          0          0        790   stm32h7xx_hal_msp.o
      3662         16          0          0          0      13052   stm32h7xx_hal_pcd.o
       130          4          0          0          0       3029   stm32h7xx_hal_pcd_ex.o
       116         12          0          0          0       1318   stm32h7xx_hal_pwr_ex.o
      3408        120          0          0          0       7361   stm32h7xx_hal_rcc.o
      4640        112          0          0          0       7005   stm32h7xx_hal_rcc_ex.o
      1388         12          0          0          0       4786   stm32h7xx_hal_spi.o
      1480        102          0          0          0      10186   stm32h7xx_hal_tim.o
       234         38          0          0          0       3088   stm32h7xx_hal_tim_ex.o
       148         20          0          0         76       1443   stm32h7xx_hal_timebase_tim.o
      5724        200         24          0          0      38773   stm32h7xx_hal_uart.o
       360         10         16          0          0       5338   stm32h7xx_hal_uart_ex.o
       212         60          0          0          0       8602   stm32h7xx_it.o
      4258        104          0          0          0      23295   stm32h7xx_ll_usb.o
         0          0          0          0          0        384   stream_buffer.o
       224         32         16          8          0       1234   system_stm32h7xx.o
       208         42          0          4          0       1248   task_camera_cali.o
       262         68          0         13         24       3156   task_camera_utc.o
        84         18          0         12        128       1997   task_trigger_message.o
      2184        272          0         60        240      20285   tasks.o
      1432         54      19380          4       1152       7698   tftlcd.o
       520         36          0          0        228       3032   tim.o
       532         42          0          0        288       2467   usart.o
        80         16          0          0        732       2386   usb_device.o
       998         28          0          0       1320      16684   usbd_conf.o
      1346          0          0          0          0      16281   usbd_core.o
      2342         30          0          1          0      17648   usbd_ctlreq.o
       140         18          0         56          0       3079   usbd_custom_hid_if.o
      1384         60          0        124          0      12567   usbd_customhid.o
       410        146          0         78        512       6765   usbd_desc.o
       174          0          0          0          0       4636   usbd_ioreq.o

    ----------------------------------------------------------------------
     51656       2598      20332        560      29320    1700945   Object Totals
         0          0         32          0          0          0   (incl. Generated)
        60          0          3         18          0          0   (incl. Padding)

    ----------------------------------------------------------------------

      Code (inc. data)   RO Data    RW Data    ZI Data      Debug   Library Member Name

        90          0          0          0          0          0   __dczerorl2.o
         8          0          0          0          0         68   __main.o
       312          4         17          0          0         92   __printf_flags_wp.o
        14          0          0          0          0         68   __printf_wp.o
         0          0          0          0          0          0   __rtentry.o
        12          0          0          0          0          0   __rtentry2.o
         6          0          0          0          0          0   __rtentry4.o
        52          8          0          0          0          0   __scatter.o
        28          0          0          0          0          0   __scatter_zi.o
        28          0          0          0          0         68   _chval.o
        48          6          0          0          0         96   _printf_char_common.o
        88          4         40          0          0         88   _printf_hex_int.o
       178          0          0          0          0         88   _printf_intcommon.o
        78          0          0          0          0        108   _printf_pad.o
         0          0          0          0          0          0   _printf_percent.o
         4          0          0          0          0          0   _printf_percent_end.o
         6          0          0          0          0          0   _printf_x.o
        10          0          0          0          0         68   _sputc.o
       158          0          0          0          0         92   _strtoul.o
        16          0          0          0          0         68   aeabi_memset.o
        26          0          0          0          0         80   atoi.o
        18          0          0          0          0         80   exit.o
         6          0          0          0          0        152   heapauxi.o
         0          0          0          0          0          0   indicate_semi.o
        44         10        272          0          0         76   lc_ctype_c.o
         2          0          0          0          0          0   libinit.o
        24          0          0          0          0          0   libinit2.o
         2          0          0          0          0          0   libshutdown.o
         2          0          0          0          0          0   libshutdown2.o
         8          4          0          0         96         68   libspace.o
       238          0          0          0          0        100   lludivv7m.o
        40          6          0          0          0         84   noretval__2sprintf.o
        16          4          0          0          0         76   rt_ctype_table.o
         8          4          0          0          0         68   rt_errno_addr_intlibspace.o
         8          4          0          0          0         68   rt_locale_intlibspace.o
        68          0          0          0          0         68   rt_memclr.o
        78          0          0          0          0         80   rt_memclr_w.o
       100          0          0          0          0         80   rt_memcpy_w.o
         2          0          0          0          0          0   rtexit.o
        10          0          0          0          0          0   rtexit2.o
       104          0          0          0          0         68   strcmpv7m_pel.o
       150          0          0          0          0         80   strncmp.o
       112          0          0          0          0         88   strtol.o
        12          4          0          0          0         68   sys_exit.o
        74          0          0          0          0         80   sys_stackheap_outer.o
         2          0          0          0          0         68   use_no_semi.o
       138          0          0          0          0        132   dfltll_clz.o
        10          0          0          0          0        116   fpinit.o
         0          0          0          0          0          0   usenofp.o

    ----------------------------------------------------------------------
      2456         58        332          0         96       2684   Library Totals
        18          0          3          0          0          0   (incl. Padding)

    ----------------------------------------------------------------------

      Code (inc. data)   RO Data    RW Data    ZI Data      Debug   Library Name

      2290         58        329          0         96       2436   c_w.l
       148          0          0          0          0        248   fz_wv.l

    ----------------------------------------------------------------------
      2456         58        332          0         96       2684   Library Totals

    ----------------------------------------------------------------------

==============================================================================


      Code (inc. data)   RO Data    RW Data    ZI Data      Debug   

     54112       2656      20664        560      29416    1668977   Grand Totals
     54112       2656      20664        212      29416    1668977   ELF Image Totals (compressed)
     54112       2656      20664        212          0          0   ROM Totals

==============================================================================

    Total RO  Size (Code + RO Data)                74776 (  73.02kB)
    Total RW  Size (RW Data + ZI Data)             29976 (  29.27kB)
    Total ROM Size (Code + RO Data + RW Data)      74988 (  73.23kB)

==============================================================================

